16:56:41 **** Incremental Build of configuration Debug for project proyecto ****
cs-make all 
'Invoking: ARM Sourcery Windows GNU Print Size'
arm-none-eabi-size  --format=berkeley proyecto.elf
   text	   data	    bss	    dec	    hex	filename
  35324	  38424	   2137	  75885	  1286d	proyecto.elf
'Finished building: proyecto.siz'
' '
16:56:45 **** Incremental Build of configuration Debug for project proyecto ****
cs-make all 
'Invoking: ARM Sourcery Windows GNU Print Size'
arm-none-eabi-size  --format=berkeley proyecto.elf
   text	   data	    bss	    dec	    hex	filename
  35324	  38424	   2137	  75885	  1286d	proyecto.elf
'Finished building: proyecto.siz'
' '
16:57:27 **** Incremental Build of configuration Debug for project proyecto ****
cs-make all 
'Invoking: ARM Sourcery Windows GNU Print Size'
arm-none-eabi-size  --format=berkeley proyecto.elf
   text	   data	    bss	    dec	    hex	filename
  35324	  38424	   2137	  75885	  1286d	proyecto.elf
'Finished building: proyecto.siz'
' '
16:57:53 **** Incremental Build of configuration Debug for project proyecto ****
cs-make all 
'Invoking: ARM Sourcery Windows GNU Print Size'
arm-none-eabi-size  --format=berkeley proyecto.elf
   text	   data	    bss	    dec	    hex	filename
  35324	  38424	   2137	  75885	  1286d	proyecto.elf
'Finished building: proyecto.siz'
' '
16:58:56 **** Incremental Build of configuration Debug for project proyecto ****
cs-make all 
'Invoking: ARM Sourcery Windows GNU Print Size'
arm-none-eabi-size  --format=berkeley proyecto.elf
   text	   data	    bss	    dec	    hex	filename
  35324	  38424	   2137	  75885	  1286d	proyecto.elf
'Finished building: proyecto.siz'
' '
17:00:58 **** Incremental Build of configuration Debug for project proyecto ****
cs-make all 
'Building file: ../proyecto.c'
'Invoking: ARM Sourcery Windows GCC C Compiler'
arm-none-eabi-gcc -I../../BSP/include -O0 -Wall -Wa,-adhlns="proyecto.o.lst" -c -fmessage-length=0 -mapcs-frame -MMD -MP -MF"proyecto.d" -MT"proyecto.d" -mcpu=arm7tdmi -g3 -gdwarf-2 -o "proyecto.o" "../proyecto.c"
../proyecto.c:166:6: warning: return type of 'main' is not 'int'
../proyecto.c: In function 'isr_tick':
../proyecto.c:372:19: warning: unused variable 'cont1000ticks'
'Finished building: ../proyecto.c'
' '
'Building target: proyecto.elf'
'Invoking: ARM Sourcery Windows GCC C Linker'
arm-none-eabi-gcc -T"../proyecto.ld" -nostartfiles -L../../BSP/Debug -Wl,-Map,proyecto.map -mcpu=arm7tdmi -g3 -gdwarf-2 -o "proyecto.elf"  ./proyecto.o   -lBSP
'Finished building target: proyecto.elf'
' '
'Invoking: ARM Sourcery Windows GNU Create Flash Image'
arm-none-eabi-objcopy -O binary proyecto.elf  "proyecto.hex"
'Finished building: proyecto.hex'
' '
'Invoking: ARM Sourcery Windows GNU Create Listing'
arm-none-eabi-objdump -h -S proyecto.elf > "proyecto.lst"
'Finished building: proyecto.lst'
' '
'Invoking: ARM Sourcery Windows GNU Print Size'
arm-none-eabi-size  --format=berkeley proyecto.elf
   text	   data	    bss	    dec	    hex	filename
  35324	  38424	   2137	  75885	  1286d	proyecto.elf
'Finished building: proyecto.siz'
' '
17:01:36 **** Incremental Build of configuration Debug for project proyecto ****
cs-make all 
'Invoking: ARM Sourcery Windows GNU Print Size'
arm-none-eabi-size  --format=berkeley proyecto.elf
   text	   data	    bss	    dec	    hex	filename
  35324	  38424	   2137	  75885	  1286d	proyecto.elf
'Finished building: proyecto.siz'
' '
17:03:07 **** Incremental Build of configuration Debug for project proyecto ****
cs-make all 
'Building file: ../proyecto.c'
'Invoking: ARM Sourcery Windows GCC C Compiler'
arm-none-eabi-gcc -I../../BSP/include -O0 -Wall -Wa,-adhlns="proyecto.o.lst" -c -fmessage-length=0 -mapcs-frame -MMD -MP -MF"proyecto.d" -MT"proyecto.d" -mcpu=arm7tdmi -g3 -gdwarf-2 -o "proyecto.o" "../proyecto.c"
../proyecto.c:166:6: warning: return type of 'main' is not 'int'
../proyecto.c: In function 'isr_tick':
../proyecto.c:372:19: warning: unused variable 'cont1000ticks'
'Finished building: ../proyecto.c'
' '
'Building target: proyecto.elf'
'Invoking: ARM Sourcery Windows GCC C Linker'
arm-none-eabi-gcc -T"../proyecto.ld" -nostartfiles -L../../BSP/Debug -Wl,-Map,proyecto.map -mcpu=arm7tdmi -g3 -gdwarf-2 -o "proyecto.elf"  ./proyecto.o   -lBSP
'Finished building target: proyecto.elf'
' '
'Invoking: ARM Sourcery Windows GNU Create Flash Image'
arm-none-eabi-objcopy -O binary proyecto.elf  "proyecto.hex"
'Finished building: proyecto.hex'
' '
'Invoking: ARM Sourcery Windows GNU Create Listing'
arm-none-eabi-objdump -h -S proyecto.elf > "proyecto.lst"
'Finished building: proyecto.lst'
' '
'Invoking: ARM Sourcery Windows GNU Print Size'
arm-none-eabi-size  --format=berkeley proyecto.elf
   text	   data	    bss	    dec	    hex	filename
  35320	  38424	   2137	  75881	  12869	proyecto.elf
'Finished building: proyecto.siz'
' '
17:03:45 **** Incremental Build of configuration Debug for project proyecto ****
cs-make all 
'Invoking: ARM Sourcery Windows GNU Print Size'
arm-none-eabi-size  --format=berkeley proyecto.elf
   text	   data	    bss	    dec	    hex	filename
  35320	  38424	   2137	  75881	  12869	proyecto.elf
'Finished building: proyecto.siz'
' '
17:04:50 **** Incremental Build of configuration Debug for project proyecto ****
cs-make all 
'Building file: ../proyecto.c'
'Invoking: ARM Sourcery Windows GCC C Compiler'
arm-none-eabi-gcc -I../../BSP/include -O0 -Wall -Wa,-adhlns="proyecto.o.lst" -c -fmessage-length=0 -mapcs-frame -MMD -MP -MF"proyecto.d" -MT"proyecto.d" -mcpu=arm7tdmi -g3 -gdwarf-2 -o "proyecto.o" "../proyecto.c"
../proyecto.c:166:6: warning: return type of 'main' is not 'int'
../proyecto.c: In function 'isr_tick':
../proyecto.c:373:19: warning: unused variable 'cont1000ticks'
'Finished building: ../proyecto.c'
' '
'Building target: proyecto.elf'
'Invoking: ARM Sourcery Windows GCC C Linker'
arm-none-eabi-gcc -T"../proyecto.ld" -nostartfiles -L../../BSP/Debug -Wl,-Map,proyecto.map -mcpu=arm7tdmi -g3 -gdwarf-2 -o "proyecto.elf"  ./proyecto.o   -lBSP
'Finished building target: proyecto.elf'
' '
'Invoking: ARM Sourcery Windows GNU Create Flash Image'
arm-none-eabi-objcopy -O binary proyecto.elf  "proyecto.hex"
'Finished building: proyecto.hex'
' '
'Invoking: ARM Sourcery Windows GNU Create Listing'
arm-none-eabi-objdump -h -S proyecto.elf > "proyecto.lst"
'Finished building: proyecto.lst'
' '
'Invoking: ARM Sourcery Windows GNU Print Size'
arm-none-eabi-size  --format=berkeley proyecto.elf
   text	   data	    bss	    dec	    hex	filename
  35336	  38424	   2137	  75897	  12879	proyecto.elf
'Finished building: proyecto.siz'
' '
17:05:37 **** Incremental Build of configuration Debug for project proyecto ****
cs-make all 
'Invoking: ARM Sourcery Windows GNU Print Size'
arm-none-eabi-size  --format=berkeley proyecto.elf
   text	   data	    bss	    dec	    hex	filename
  35336	  38424	   2137	  75897	  12879	proyecto.elf
'Finished building: proyecto.siz'
' '
17:05:59 **** Incremental Build of configuration Debug for project proyecto ****
cs-make all 
'Invoking: ARM Sourcery Windows GNU Print Size'
arm-none-eabi-size  --format=berkeley proyecto.elf
   text	   data	    bss	    dec	    hex	filename
  35336	  38424	   2137	  75897	  12879	proyecto.elf
'Finished building: proyecto.siz'
' '
17:06:51 **** Incremental Build of configuration Debug for project proyecto ****
cs-make all 
'Building file: ../proyecto.c'
'Invoking: ARM Sourcery Windows GCC C Compiler'
arm-none-eabi-gcc -I../../BSP/include -O0 -Wall -Wa,-adhlns="proyecto.o.lst" -c -fmessage-length=0 -mapcs-frame -MMD -MP -MF"proyecto.d" -MT"proyecto.d" -mcpu=arm7tdmi -g3 -gdwarf-2 -o "proyecto.o" "../proyecto.c"
../proyecto.c:166:6: warning: return type of 'main' is not 'int'
../proyecto.c: In function 'isr_tick':
../proyecto.c:374:19: warning: unused variable 'cont1000ticks'
'Finished building: ../proyecto.c'
' '
'Building target: proyecto.elf'
'Invoking: ARM Sourcery Windows GCC C Linker'
arm-none-eabi-gcc -T"../proyecto.ld" -nostartfiles -L../../BSP/Debug -Wl,-Map,proyecto.map -mcpu=arm7tdmi -g3 -gdwarf-2 -o "proyecto.elf"  ./proyecto.o   -lBSP
'Finished building target: proyecto.elf'
' '
'Invoking: ARM Sourcery Windows GNU Create Flash Image'
arm-none-eabi-objcopy -O binary proyecto.elf  "proyecto.hex"
'Finished building: proyecto.hex'
' '
'Invoking: ARM Sourcery Windows GNU Create Listing'
arm-none-eabi-objdump -h -S proyecto.elf > "proyecto.lst"
'Finished building: proyecto.lst'
' '
'Invoking: ARM Sourcery Windows GNU Print Size'
arm-none-eabi-size  --format=berkeley proyecto.elf
   text	   data	    bss	    dec	    hex	filename
  35336	  38424	   2137	  75897	  12879	proyecto.elf
'Finished building: proyecto.siz'
' '
17:07:15 **** Incremental Build of configuration Debug for project proyecto ****
cs-make all 
'Invoking: ARM Sourcery Windows GNU Print Size'
arm-none-eabi-size  --format=berkeley proyecto.elf
   text	   data	    bss	    dec	    hex	filename
  35336	  38424	   2137	  75897	  12879	proyecto.elf
'Finished building: proyecto.siz'
' '
17:10:57 **** Incremental Build of configuration Debug for project proyecto ****
cs-make all 
'Invoking: ARM Sourcery Windows GNU Print Size'
arm-none-eabi-size  --format=berkeley proyecto.elf
   text	   data	    bss	    dec	    hex	filename
  35336	  38424	   2137	  75897	  12879	proyecto.elf
'Finished building: proyecto.siz'
' '
17:14:01 **** Incremental Build of configuration Debug for project proyecto ****
cs-make all 
'Building file: ../proyecto.c'
'Invoking: ARM Sourcery Windows GCC C Compiler'
arm-none-eabi-gcc -I../../BSP/include -O0 -Wall -Wa,-adhlns="proyecto.o.lst" -c -fmessage-length=0 -mapcs-frame -MMD -MP -MF"proyecto.d" -MT"proyecto.d" -mcpu=arm7tdmi -g3 -gdwarf-2 -o "proyecto.o" "../proyecto.c"
../proyecto.c:166:6: warning: return type of 'main' is not 'int'
../proyecto.c: In function 'isr_tick':
../proyecto.c:374:19: warning: unused variable 'cont1000ticks'
'Finished building: ../proyecto.c'
' '
'Building target: proyecto.elf'
'Invoking: ARM Sourcery Windows GCC C Linker'
arm-none-eabi-gcc -T"../proyecto.ld" -nostartfiles -L../../BSP/Debug -Wl,-Map,proyecto.map -mcpu=arm7tdmi -g3 -gdwarf-2 -o "proyecto.elf"  ./proyecto.o   -lBSP
'Finished building target: proyecto.elf'
' '
'Invoking: ARM Sourcery Windows GNU Create Flash Image'
arm-none-eabi-objcopy -O binary proyecto.elf  "proyecto.hex"
'Finished building: proyecto.hex'
' '
'Invoking: ARM Sourcery Windows GNU Create Listing'
arm-none-eabi-objdump -h -S proyecto.elf > "proyecto.lst"
'Finished building: proyecto.lst'
' '
'Invoking: ARM Sourcery Windows GNU Print Size'
arm-none-eabi-size  --format=berkeley proyecto.elf
   text	   data	    bss	    dec	    hex	filename
  35336	  38424	   2137	  75897	  12879	proyecto.elf
'Finished building: proyecto.siz'
' '
17:34:06 **** Incremental Build of configuration Debug for project proyecto ****
cs-make all 
'Building file: ../proyecto.c'
'Invoking: ARM Sourcery Windows GCC C Compiler'
arm-none-eabi-gcc -I../../BSP/include -O0 -Wall -Wa,-adhlns="proyecto.o.lst" -c -fmessage-length=0 -mapcs-frame -MMD -MP -MF"proyecto.d" -MT"proyecto.d" -mcpu=arm7tdmi -g3 -gdwarf-2 -o "proyecto.o" "../proyecto.c"
../proyecto.c:167:6: warning: return type of 'main' is not 'int'
../proyecto.c: In function 'isr_tick':
../proyecto.c:386:19: warning: unused variable 'cont1000ticks'
'Finished building: ../proyecto.c'
' '
'Building target: proyecto.elf'
'Invoking: ARM Sourcery Windows GCC C Linker'
arm-none-eabi-gcc -T"../proyecto.ld" -nostartfiles -L../../BSP/Debug -Wl,-Map,proyecto.map -mcpu=arm7tdmi -g3 -gdwarf-2 -o "proyecto.elf"  ./proyecto.o   -lBSP
'Finished building target: proyecto.elf'
' '
'Invoking: ARM Sourcery Windows GNU Create Flash Image'
arm-none-eabi-objcopy -O binary proyecto.elf  "proyecto.hex"
'Finished building: proyecto.hex'
' '
'Invoking: ARM Sourcery Windows GNU Create Listing'
arm-none-eabi-objdump -h -S proyecto.elf > "proyecto.lst"
'Finished building: proyecto.lst'
' '
'Invoking: ARM Sourcery Windows GNU Print Size'
arm-none-eabi-size  --format=berkeley proyecto.elf
   text	   data	    bss	    dec	    hex	filename
  35396	  38424	   2138	  75958	  128b6	proyecto.elf
'Finished building: proyecto.siz'
' '
17:39:03 **** Incremental Build of configuration Debug for project proyecto ****
cs-make all 
'Building file: ../proyecto.c'
'Invoking: ARM Sourcery Windows GCC C Compiler'
arm-none-eabi-gcc -I../../BSP/include -O0 -Wall -Wa,-adhlns="proyecto.o.lst" -c -fmessage-length=0 -mapcs-frame -MMD -MP -MF"proyecto.d" -MT"proyecto.d" -mcpu=arm7tdmi -g3 -gdwarf-2 -o "proyecto.o" "../proyecto.c"
../proyecto.c:167:6: warning: return type of 'main' is not 'int'
../proyecto.c: In function 'isr_tick':
../proyecto.c:386:19: warning: unused variable 'cont1000ticks'
'Finished building: ../proyecto.c'
' '
'Building target: proyecto.elf'
'Invoking: ARM Sourcery Windows GCC C Linker'
arm-none-eabi-gcc -T"../proyecto.ld" -nostartfiles -L../../BSP/Debug -Wl,-Map,proyecto.map -mcpu=arm7tdmi -g3 -gdwarf-2 -o "proyecto.elf"  ./proyecto.o   -lBSP
'Finished building target: proyecto.elf'
' '
'Invoking: ARM Sourcery Windows GNU Create Flash Image'
arm-none-eabi-objcopy -O binary proyecto.elf  "proyecto.hex"
'Finished building: proyecto.hex'
' '
'Invoking: ARM Sourcery Windows GNU Create Listing'
arm-none-eabi-objdump -h -S proyecto.elf > "proyecto.lst"
'Finished building: proyecto.lst'
' '
'Invoking: ARM Sourcery Windows GNU Print Size'
arm-none-eabi-size  --format=berkeley proyecto.elf
   text	   data	    bss	    dec	    hex	filename
  35404	  38424	   2138	  75966	  128be	proyecto.elf
'Finished building: proyecto.siz'
' '
17:39:35 **** Incremental Build of configuration Debug for project proyecto ****
cs-make all 
'Invoking: ARM Sourcery Windows GNU Print Size'
arm-none-eabi-size  --format=berkeley proyecto.elf
   text	   data	    bss	    dec	    hex	filename
  35404	  38424	   2138	  75966	  128be	proyecto.elf
'Finished building: proyecto.siz'
' '
17:49:30 **** Incremental Build of configuration Debug for project proyecto ****
cs-make all 
'Building file: ../proyecto.c'
'Invoking: ARM Sourcery Windows GCC C Compiler'
arm-none-eabi-gcc -I../../BSP/include -O0 -Wall -Wa,-adhlns="proyecto.o.lst" -c -fmessage-length=0 -mapcs-frame -MMD -MP -MF"proyecto.d" -MT"proyecto.d" -mcpu=arm7tdmi -g3 -gdwarf-2 -o "proyecto.o" "../proyecto.c"
../proyecto.c:167:6: warning: return type of 'main' is not 'int'
'Finished building: ../proyecto.c'
' '
'Building target: proyecto.elf'
'Invoking: ARM Sourcery Windows GCC C Linker'
arm-none-eabi-gcc -T"../proyecto.ld" -nostartfiles -L../../BSP/Debug -Wl,-Map,proyecto.map -mcpu=arm7tdmi -g3 -gdwarf-2 -o "proyecto.elf"  ./proyecto.o   -lBSP
'Finished building target: proyecto.elf'
' '
'Invoking: ARM Sourcery Windows GNU Create Flash Image'
arm-none-eabi-objcopy -O binary proyecto.elf  "proyecto.hex"
'Finished building: proyecto.hex'
' '
'Invoking: ARM Sourcery Windows GNU Create Listing'
arm-none-eabi-objdump -h -S proyecto.elf > "proyecto.lst"
'Finished building: proyecto.lst'
' '
'Invoking: ARM Sourcery Windows GNU Print Size'
arm-none-eabi-size  --format=berkeley proyecto.elf
   text	   data	    bss	    dec	    hex	filename
  35636	  38428	   2138	  76202	  129aa	proyecto.elf
'Finished building: proyecto.siz'
' '
17:53:36 **** Incremental Build of configuration Debug for project proyecto ****
cs-make all 
'Building file: ../proyecto.c'
'Invoking: ARM Sourcery Windows GCC C Compiler'
arm-none-eabi-gcc -I../../BSP/include -O0 -Wall -Wa,-adhlns="proyecto.o.lst" -c -fmessage-length=0 -mapcs-frame -MMD -MP -MF"proyecto.d" -MT"proyecto.d" -mcpu=arm7tdmi -g3 -gdwarf-2 -o "proyecto.o" "../proyecto.c"
../proyecto.c:167:6: warning: return type of 'main' is not 'int'
../proyecto.c: In function 'isr_tick':
../proyecto.c:412:4: error: 'cont33ticks' undeclared (first use in this function)
../proyecto.c:412:4: note: each undeclared identifier is reported only once for each function it appears in
../proyecto.c:421:4: error: 'cont25ticks' undeclared (first use in this function)
cs-make: *** [proyecto.o] Error 1
17:53:59 **** Incremental Build of configuration Debug for project proyecto ****
cs-make all 
'Building file: ../proyecto.c'
'Invoking: ARM Sourcery Windows GCC C Compiler'
arm-none-eabi-gcc -I../../BSP/include -O0 -Wall -Wa,-adhlns="proyecto.o.lst" -c -fmessage-length=0 -mapcs-frame -MMD -MP -MF"proyecto.d" -MT"proyecto.d" -mcpu=arm7tdmi -g3 -gdwarf-2 -o "proyecto.o" "../proyecto.c"
../proyecto.c:167:6: warning: return type of 'main' is not 'int'
'Finished building: ../proyecto.c'
' '
'Building target: proyecto.elf'
'Invoking: ARM Sourcery Windows GCC C Linker'
arm-none-eabi-gcc -T"../proyecto.ld" -nostartfiles -L../../BSP/Debug -Wl,-Map,proyecto.map -mcpu=arm7tdmi -g3 -gdwarf-2 -o "proyecto.elf"  ./proyecto.o   -lBSP
'Finished building target: proyecto.elf'
' '
'Invoking: ARM Sourcery Windows GNU Create Flash Image'
arm-none-eabi-objcopy -O binary proyecto.elf  "proyecto.hex"
'Finished building: proyecto.hex'
' '
'Invoking: ARM Sourcery Windows GNU Create Listing'
arm-none-eabi-objdump -h -S proyecto.elf > "proyecto.lst"
'Finished building: proyecto.lst'
' '
'Invoking: ARM Sourcery Windows GNU Print Size'
arm-none-eabi-size  --format=berkeley proyecto.elf
   text	   data	    bss	    dec	    hex	filename
  35636	  38428	   2138	  76202	  129aa	proyecto.elf
'Finished building: proyecto.siz'
' '
17:57:46 **** Incremental Build of configuration Debug for project proyecto ****
cs-make all 
'Invoking: ARM Sourcery Windows GNU Print Size'
arm-none-eabi-size  --format=berkeley proyecto.elf
   text	   data	    bss	    dec	    hex	filename
  35636	  38428	   2138	  76202	  129aa	proyecto.elf
'Finished building: proyecto.siz'
' '
18:03:04 **** Incremental Build of configuration Debug for project proyecto ****
cs-make all 
'Building file: ../proyecto.c'
'Invoking: ARM Sourcery Windows GCC C Compiler'
arm-none-eabi-gcc -I../../BSP/include -O0 -Wall -Wa,-adhlns="proyecto.o.lst" -c -fmessage-length=0 -mapcs-frame -MMD -MP -MF"proyecto.d" -MT"proyecto.d" -mcpu=arm7tdmi -g3 -gdwarf-2 -o "proyecto.o" "../proyecto.c"
../proyecto.c:167:6: warning: return type of 'main' is not 'int'
'Finished building: ../proyecto.c'
' '
'Building target: proyecto.elf'
'Invoking: ARM Sourcery Windows GCC C Linker'
arm-none-eabi-gcc -T"../proyecto.ld" -nostartfiles -L../../BSP/Debug -Wl,-Map,proyecto.map -mcpu=arm7tdmi -g3 -gdwarf-2 -o "proyecto.elf"  ./proyecto.o   -lBSP
'Finished building target: proyecto.elf'
' '
'Invoking: ARM Sourcery Windows GNU Create Flash Image'
arm-none-eabi-objcopy -O binary proyecto.elf  "proyecto.hex"
'Finished building: proyecto.hex'
' '
'Invoking: ARM Sourcery Windows GNU Create Listing'
arm-none-eabi-objdump -h -S proyecto.elf > "proyecto.lst"
'Finished building: proyecto.lst'
' '
'Invoking: ARM Sourcery Windows GNU Print Size'
arm-none-eabi-size  --format=berkeley proyecto.elf
   text	   data	    bss	    dec	    hex	filename
  35656	  38428	   2138	  76222	  129be	proyecto.elf
'Finished building: proyecto.siz'
' '
18:05:33 **** Incremental Build of configuration Debug for project proyecto ****
cs-make all 
'Building file: ../proyecto.c'
'Invoking: ARM Sourcery Windows GCC C Compiler'
arm-none-eabi-gcc -I../../BSP/include -O0 -Wall -Wa,-adhlns="proyecto.o.lst" -c -fmessage-length=0 -mapcs-frame -MMD -MP -MF"proyecto.d" -MT"proyecto.d" -mcpu=arm7tdmi -g3 -gdwarf-2 -o "proyecto.o" "../proyecto.c"
../proyecto.c:167:6: warning: return type of 'main' is not 'int'
'Finished building: ../proyecto.c'
' '
'Building target: proyecto.elf'
'Invoking: ARM Sourcery Windows GCC C Linker'
arm-none-eabi-gcc -T"../proyecto.ld" -nostartfiles -L../../BSP/Debug -Wl,-Map,proyecto.map -mcpu=arm7tdmi -g3 -gdwarf-2 -o "proyecto.elf"  ./proyecto.o   -lBSP
'Finished building target: proyecto.elf'
' '
'Invoking: ARM Sourcery Windows GNU Create Flash Image'
arm-none-eabi-objcopy -O binary proyecto.elf  "proyecto.hex"
'Finished building: proyecto.hex'
' '
'Invoking: ARM Sourcery Windows GNU Create Listing'
arm-none-eabi-objdump -h -S proyecto.elf > "proyecto.lst"
'Finished building: proyecto.lst'
' '
'Invoking: ARM Sourcery Windows GNU Print Size'
arm-none-eabi-size  --format=berkeley proyecto.elf
   text	   data	    bss	    dec	    hex	filename
  35656	  38428	   2138	  76222	  129be	proyecto.elf
'Finished building: proyecto.siz'
' '
18:07:20 **** Incremental Build of configuration Debug for project proyecto ****
cs-make all 
'Building file: ../proyecto.c'
'Invoking: ARM Sourcery Windows GCC C Compiler'
arm-none-eabi-gcc -I../../BSP/include -O0 -Wall -Wa,-adhlns="proyecto.o.lst" -c -fmessage-length=0 -mapcs-frame -MMD -MP -MF"proyecto.d" -MT"proyecto.d" -mcpu=arm7tdmi -g3 -gdwarf-2 -o "proyecto.o" "../proyecto.c"
../proyecto.c:167:6: warning: return type of 'main' is not 'int'
'Finished building: ../proyecto.c'
' '
'Building target: proyecto.elf'
'Invoking: ARM Sourcery Windows GCC C Linker'
arm-none-eabi-gcc -T"../proyecto.ld" -nostartfiles -L../../BSP/Debug -Wl,-Map,proyecto.map -mcpu=arm7tdmi -g3 -gdwarf-2 -o "proyecto.elf"  ./proyecto.o   -lBSP
'Finished building target: proyecto.elf'
' '
'Invoking: ARM Sourcery Windows GNU Create Flash Image'
arm-none-eabi-objcopy -O binary proyecto.elf  "proyecto.hex"
'Finished building: proyecto.hex'
' '
'Invoking: ARM Sourcery Windows GNU Create Listing'
arm-none-eabi-objdump -h -S proyecto.elf > "proyecto.lst"
'Finished building: proyecto.lst'
' '
'Invoking: ARM Sourcery Windows GNU Print Size'
arm-none-eabi-size  --format=berkeley proyecto.elf
   text	   data	    bss	    dec	    hex	filename
  35684	  38428	   2138	  76250	  129da	proyecto.elf
'Finished building: proyecto.siz'
' '
18:15:53 **** Incremental Build of configuration Debug for project proyecto ****
cs-make all 
'Building file: ../proyecto.c'
'Invoking: ARM Sourcery Windows GCC C Compiler'
arm-none-eabi-gcc -I../../BSP/include -O0 -Wall -Wa,-adhlns="proyecto.o.lst" -c -fmessage-length=0 -mapcs-frame -MMD -MP -MF"proyecto.d" -MT"proyecto.d" -mcpu=arm7tdmi -g3 -gdwarf-2 -o "proyecto.o" "../proyecto.c"
../proyecto.c:167:6: warning: return type of 'main' is not 'int'
'Finished building: ../proyecto.c'
' '
'Building target: proyecto.elf'
'Invoking: ARM Sourcery Windows GCC C Linker'
arm-none-eabi-gcc -T"../proyecto.ld" -nostartfiles -L../../BSP/Debug -Wl,-Map,proyecto.map -mcpu=arm7tdmi -g3 -gdwarf-2 -o "proyecto.elf"  ./proyecto.o   -lBSP
'Finished building target: proyecto.elf'
' '
'Invoking: ARM Sourcery Windows GNU Create Flash Image'
arm-none-eabi-objcopy -O binary proyecto.elf  "proyecto.hex"
'Finished building: proyecto.hex'
' '
'Invoking: ARM Sourcery Windows GNU Create Listing'
arm-none-eabi-objdump -h -S proyecto.elf > "proyecto.lst"
'Finished building: proyecto.lst'
' '
'Invoking: ARM Sourcery Windows GNU Print Size'
arm-none-eabi-size  --format=berkeley proyecto.elf
   text	   data	    bss	    dec	    hex	filename
  35636	  38428	   2138	  76202	  129aa	proyecto.elf
'Finished building: proyecto.siz'
' '
18:22:03 **** Incremental Build of configuration Debug for project proyecto ****
cs-make all 
'Building file: ../proyecto.c'
'Invoking: ARM Sourcery Windows GCC C Compiler'
arm-none-eabi-gcc -I../../BSP/include -O0 -Wall -Wa,-adhlns="proyecto.o.lst" -c -fmessage-length=0 -mapcs-frame -MMD -MP -MF"proyecto.d" -MT"proyecto.d" -mcpu=arm7tdmi -g3 -gdwarf-2 -o "proyecto.o" "../proyecto.c"
../proyecto.c:167:6: warning: return type of 'main' is not 'int'
'Finished building: ../proyecto.c'
' '
'Building target: proyecto.elf'
'Invoking: ARM Sourcery Windows GCC C Linker'
arm-none-eabi-gcc -T"../proyecto.ld" -nostartfiles -L../../BSP/Debug -Wl,-Map,proyecto.map -mcpu=arm7tdmi -g3 -gdwarf-2 -o "proyecto.elf"  ./proyecto.o   -lBSP
'Finished building target: proyecto.elf'
' '
'Invoking: ARM Sourcery Windows GNU Create Flash Image'
arm-none-eabi-objcopy -O binary proyecto.elf  "proyecto.hex"
'Finished building: proyecto.hex'
' '
'Invoking: ARM Sourcery Windows GNU Create Listing'
arm-none-eabi-objdump -h -S proyecto.elf > "proyecto.lst"
'Finished building: proyecto.lst'
' '
'Invoking: ARM Sourcery Windows GNU Print Size'
arm-none-eabi-size  --format=berkeley proyecto.elf
   text	   data	    bss	    dec	    hex	filename
  35896	  38428	   2138	  76462	  12aae	proyecto.elf
'Finished building: proyecto.siz'
' '
18:31:12 **** Incremental Build of configuration Debug for project proyecto ****
cs-make all 
'Building file: ../proyecto.c'
'Invoking: ARM Sourcery Windows GCC C Compiler'
arm-none-eabi-gcc -I../../BSP/include -O0 -Wall -Wa,-adhlns="proyecto.o.lst" -c -fmessage-length=0 -mapcs-frame -MMD -MP -MF"proyecto.d" -MT"proyecto.d" -mcpu=arm7tdmi -g3 -gdwarf-2 -o "proyecto.o" "../proyecto.c"
../proyecto.c:168:6: warning: return type of 'main' is not 'int'
'Finished building: ../proyecto.c'
' '
'Building target: proyecto.elf'
'Invoking: ARM Sourcery Windows GCC C Linker'
arm-none-eabi-gcc -T"../proyecto.ld" -nostartfiles -L../../BSP/Debug -Wl,-Map,proyecto.map -mcpu=arm7tdmi -g3 -gdwarf-2 -o "proyecto.elf"  ./proyecto.o   -lBSP
'Finished building target: proyecto.elf'
' '
'Invoking: ARM Sourcery Windows GNU Create Flash Image'
arm-none-eabi-objcopy -O binary proyecto.elf  "proyecto.hex"
'Finished building: proyecto.hex'
' '
'Invoking: ARM Sourcery Windows GNU Create Listing'
arm-none-eabi-objdump -h -S proyecto.elf > "proyecto.lst"
'Finished building: proyecto.lst'
' '
'Invoking: ARM Sourcery Windows GNU Print Size'
arm-none-eabi-size  --format=berkeley proyecto.elf
   text	   data	    bss	    dec	    hex	filename
  35972	  38428	   2138	  76538	  12afa	proyecto.elf
'Finished building: proyecto.siz'
' '
18:31:39 **** Incremental Build of configuration Debug for project proyecto ****
cs-make all 
'Invoking: ARM Sourcery Windows GNU Print Size'
arm-none-eabi-size  --format=berkeley proyecto.elf
   text	   data	    bss	    dec	    hex	filename
  35972	  38428	   2138	  76538	  12afa	proyecto.elf
'Finished building: proyecto.siz'
' '
18:32:08 **** Incremental Build of configuration Debug for project proyecto ****
cs-make all 
'Invoking: ARM Sourcery Windows GNU Print Size'
arm-none-eabi-size  --format=berkeley proyecto.elf
   text	   data	    bss	    dec	    hex	filename
  35972	  38428	   2138	  76538	  12afa	proyecto.elf
'Finished building: proyecto.siz'
' '
18:35:02 **** Incremental Build of configuration Debug for project proyecto ****
cs-make all 
'Building file: ../proyecto.c'
'Invoking: ARM Sourcery Windows GCC C Compiler'
arm-none-eabi-gcc -I../../BSP/include -O0 -Wall -Wa,-adhlns="proyecto.o.lst" -c -fmessage-length=0 -mapcs-frame -MMD -MP -MF"proyecto.d" -MT"proyecto.d" -mcpu=arm7tdmi -g3 -gdwarf-2 -o "proyecto.o" "../proyecto.c"
../proyecto.c:168:6: warning: return type of 'main' is not 'int'
'Finished building: ../proyecto.c'
' '
'Building target: proyecto.elf'
'Invoking: ARM Sourcery Windows GCC C Linker'
arm-none-eabi-gcc -T"../proyecto.ld" -nostartfiles -L../../BSP/Debug -Wl,-Map,proyecto.map -mcpu=arm7tdmi -g3 -gdwarf-2 -o "proyecto.elf"  ./proyecto.o   -lBSP
'Finished building target: proyecto.elf'
' '
'Invoking: ARM Sourcery Windows GNU Create Flash Image'
arm-none-eabi-objcopy -O binary proyecto.elf  "proyecto.hex"
'Finished building: proyecto.hex'
' '
'Invoking: ARM Sourcery Windows GNU Create Listing'
arm-none-eabi-objdump -h -S proyecto.elf > "proyecto.lst"
'Finished building: proyecto.lst'
' '
'Invoking: ARM Sourcery Windows GNU Print Size'
arm-none-eabi-size  --format=berkeley proyecto.elf
   text	   data	    bss	    dec	    hex	filename
  35972	  38428	   2138	  76538	  12afa	proyecto.elf
'Finished building: proyecto.siz'
' '
18:36:30 **** Incremental Build of configuration Debug for project proyecto ****
cs-make all 
'Building file: ../proyecto.c'
'Invoking: ARM Sourcery Windows GCC C Compiler'
arm-none-eabi-gcc -I../../BSP/include -O0 -Wall -Wa,-adhlns="proyecto.o.lst" -c -fmessage-length=0 -mapcs-frame -MMD -MP -MF"proyecto.d" -MT"proyecto.d" -mcpu=arm7tdmi -g3 -gdwarf-2 -o "proyecto.o" "../proyecto.c"
../proyecto.c:168:6: warning: return type of 'main' is not 'int'
'Finished building: ../proyecto.c'
' '
'Building target: proyecto.elf'
'Invoking: ARM Sourcery Windows GCC C Linker'
arm-none-eabi-gcc -T"../proyecto.ld" -nostartfiles -L../../BSP/Debug -Wl,-Map,proyecto.map -mcpu=arm7tdmi -g3 -gdwarf-2 -o "proyecto.elf"  ./proyecto.o   -lBSP
'Finished building target: proyecto.elf'
' '
'Invoking: ARM Sourcery Windows GNU Create Flash Image'
arm-none-eabi-objcopy -O binary proyecto.elf  "proyecto.hex"
'Finished building: proyecto.hex'
' '
'Invoking: ARM Sourcery Windows GNU Create Listing'
arm-none-eabi-objdump -h -S proyecto.elf > "proyecto.lst"
'Finished building: proyecto.lst'
' '
'Invoking: ARM Sourcery Windows GNU Print Size'
arm-none-eabi-size  --format=berkeley proyecto.elf
   text	   data	    bss	    dec	    hex	filename
  35972	  38428	   2138	  76538	  12afa	proyecto.elf
'Finished building: proyecto.siz'
' '
18:51:34 **** Incremental Build of configuration Debug for project proyecto ****
cs-make all 
'Building file: ../proyecto.c'
'Invoking: ARM Sourcery Windows GCC C Compiler'
arm-none-eabi-gcc -I../../BSP/include -O0 -Wall -Wa,-adhlns="proyecto.o.lst" -c -fmessage-length=0 -mapcs-frame -MMD -MP -MF"proyecto.d" -MT"proyecto.d" -mcpu=arm7tdmi -g3 -gdwarf-2 -o "proyecto.o" "../proyecto.c"
../proyecto.c:169:6: warning: return type of 'main' is not 'int'
../proyecto.c: In function 'isr_tick':
../proyecto.c:417:5: error: initializer element is not constant
cs-make: *** [proyecto.o] Error 1
18:51:57 **** Incremental Build of configuration Debug for project proyecto ****
cs-make all 
'Building file: ../proyecto.c'
'Invoking: ARM Sourcery Windows GCC C Compiler'
arm-none-eabi-gcc -I../../BSP/include -O0 -Wall -Wa,-adhlns="proyecto.o.lst" -c -fmessage-length=0 -mapcs-frame -MMD -MP -MF"proyecto.d" -MT"proyecto.d" -mcpu=arm7tdmi -g3 -gdwarf-2 -o "proyecto.o" "../proyecto.c"
../proyecto.c:169:6: warning: return type of 'main' is not 'int'
'Finished building: ../proyecto.c'
' '
'Building target: proyecto.elf'
'Invoking: ARM Sourcery Windows GCC C Linker'
arm-none-eabi-gcc -T"../proyecto.ld" -nostartfiles -L../../BSP/Debug -Wl,-Map,proyecto.map -mcpu=arm7tdmi -g3 -gdwarf-2 -o "proyecto.elf"  ./proyecto.o   -lBSP
'Finished building target: proyecto.elf'
' '
'Invoking: ARM Sourcery Windows GNU Create Flash Image'
arm-none-eabi-objcopy -O binary proyecto.elf  "proyecto.hex"
'Finished building: proyecto.hex'
' '
'Invoking: ARM Sourcery Windows GNU Create Listing'
arm-none-eabi-objdump -h -S proyecto.elf > "proyecto.lst"
'Finished building: proyecto.lst'
' '
'Invoking: ARM Sourcery Windows GNU Print Size'
arm-none-eabi-size  --format=berkeley proyecto.elf
   text	   data	    bss	    dec	    hex	filename
  35736	  38420	   2142	  76298	  12a0a	proyecto.elf
'Finished building: proyecto.siz'
' '
18:54:08 **** Incremental Build of configuration Debug for project proyecto ****
cs-make all 
'Invoking: ARM Sourcery Windows GNU Print Size'
arm-none-eabi-size  --format=berkeley proyecto.elf
   text	   data	    bss	    dec	    hex	filename
  35736	  38420	   2142	  76298	  12a0a	proyecto.elf
'Finished building: proyecto.siz'
' '
18:54:49 **** Incremental Build of configuration Debug for project proyecto ****
cs-make all 
'Building file: ../proyecto.c'
'Invoking: ARM Sourcery Windows GCC C Compiler'
arm-none-eabi-gcc -I../../BSP/include -O0 -Wall -Wa,-adhlns="proyecto.o.lst" -c -fmessage-length=0 -mapcs-frame -MMD -MP -MF"proyecto.d" -MT"proyecto.d" -mcpu=arm7tdmi -g3 -gdwarf-2 -o "proyecto.o" "../proyecto.c"
../proyecto.c:169:6: warning: return type of 'main' is not 'int'
'Finished building: ../proyecto.c'
' '
'Building target: proyecto.elf'
'Invoking: ARM Sourcery Windows GCC C Linker'
arm-none-eabi-gcc -T"../proyecto.ld" -nostartfiles -L../../BSP/Debug -Wl,-Map,proyecto.map -mcpu=arm7tdmi -g3 -gdwarf-2 -o "proyecto.elf"  ./proyecto.o   -lBSP
'Finished building target: proyecto.elf'
' '
'Invoking: ARM Sourcery Windows GNU Create Flash Image'
arm-none-eabi-objcopy -O binary proyecto.elf  "proyecto.hex"
'Finished building: proyecto.hex'
' '
'Invoking: ARM Sourcery Windows GNU Create Listing'
arm-none-eabi-objdump -h -S proyecto.elf > "proyecto.lst"
'Finished building: proyecto.lst'
' '
'Invoking: ARM Sourcery Windows GNU Print Size'
arm-none-eabi-size  --format=berkeley proyecto.elf
   text	   data	    bss	    dec	    hex	filename
  35736	  38420	   2142	  76298	  12a0a	proyecto.elf
'Finished building: proyecto.siz'
' '
18:58:52 **** Incremental Build of configuration Debug for project proyecto ****
cs-make all 
'Building file: ../proyecto.c'
'Invoking: ARM Sourcery Windows GCC C Compiler'
arm-none-eabi-gcc -I../../BSP/include -O0 -Wall -Wa,-adhlns="proyecto.o.lst" -c -fmessage-length=0 -mapcs-frame -MMD -MP -MF"proyecto.d" -MT"proyecto.d" -mcpu=arm7tdmi -g3 -gdwarf-2 -o "proyecto.o" "../proyecto.c"
../proyecto.c:169:6: warning: return type of 'main' is not 'int'
../proyecto.c: In function 'isr_tick':
../proyecto.c:417:5: error: initializer element is not constant
cs-make: *** [proyecto.o] Error 1
18:59:28 **** Incremental Build of configuration Debug for project proyecto ****
cs-make all 
'Building file: ../proyecto.c'
'Invoking: ARM Sourcery Windows GCC C Compiler'
arm-none-eabi-gcc -I../../BSP/include -O0 -Wall -Wa,-adhlns="proyecto.o.lst" -c -fmessage-length=0 -mapcs-frame -MMD -MP -MF"proyecto.d" -MT"proyecto.d" -mcpu=arm7tdmi -g3 -gdwarf-2 -o "proyecto.o" "../proyecto.c"
../proyecto.c:169:6: warning: return type of 'main' is not 'int'
'Finished building: ../proyecto.c'
' '
'Building target: proyecto.elf'
'Invoking: ARM Sourcery Windows GCC C Linker'
arm-none-eabi-gcc -T"../proyecto.ld" -nostartfiles -L../../BSP/Debug -Wl,-Map,proyecto.map -mcpu=arm7tdmi -g3 -gdwarf-2 -o "proyecto.elf"  ./proyecto.o   -lBSP
'Finished building target: proyecto.elf'
' '
'Invoking: ARM Sourcery Windows GNU Create Flash Image'
arm-none-eabi-objcopy -O binary proyecto.elf  "proyecto.hex"
'Finished building: proyecto.hex'
' '
'Invoking: ARM Sourcery Windows GNU Create Listing'
arm-none-eabi-objdump -h -S proyecto.elf > "proyecto.lst"
'Finished building: proyecto.lst'
' '
'Invoking: ARM Sourcery Windows GNU Print Size'
arm-none-eabi-size  --format=berkeley proyecto.elf
   text	   data	    bss	    dec	    hex	filename
  35752	  38424	   2142	  76318	  12a1e	proyecto.elf
'Finished building: proyecto.siz'
' '
18:59:43 **** Incremental Build of configuration Debug for project proyecto ****
cs-make all 
'Invoking: ARM Sourcery Windows GNU Print Size'
arm-none-eabi-size  --format=berkeley proyecto.elf
   text	   data	    bss	    dec	    hex	filename
  35752	  38424	   2142	  76318	  12a1e	proyecto.elf
'Finished building: proyecto.siz'
' '
19:00:12 **** Incremental Build of configuration Debug for project proyecto ****
cs-make all 
'Invoking: ARM Sourcery Windows GNU Print Size'
arm-none-eabi-size  --format=berkeley proyecto.elf
   text	   data	    bss	    dec	    hex	filename
  35752	  38424	   2142	  76318	  12a1e	proyecto.elf
'Finished building: proyecto.siz'
' '
19:00:44 **** Incremental Build of configuration Debug for project proyecto ****
cs-make all 
'Invoking: ARM Sourcery Windows GNU Print Size'
arm-none-eabi-size  --format=berkeley proyecto.elf
   text	   data	    bss	    dec	    hex	filename
  35752	  38424	   2142	  76318	  12a1e	proyecto.elf
'Finished building: proyecto.siz'
' '
19:04:56 **** Incremental Build of configuration Debug for project proyecto ****
cs-make all 
'Building file: ../proyecto.c'
'Invoking: ARM Sourcery Windows GCC C Compiler'
arm-none-eabi-gcc -I../../BSP/include -O0 -Wall -Wa,-adhlns="proyecto.o.lst" -c -fmessage-length=0 -mapcs-frame -MMD -MP -MF"proyecto.d" -MT"proyecto.d" -mcpu=arm7tdmi -g3 -gdwarf-2 -o "proyecto.o" "../proyecto.c"
../proyecto.c:169:6: warning: return type of 'main' is not 'int'
../proyecto.c:440:2: error: expected identifier or '(' before '/' token
../proyecto.c: In function 'lcd_putBmp':
../proyecto.c:478:4: error: 'lcd_buffer' undeclared (first use in this function)
../proyecto.c:478:4: note: each undeclared identifier is reported only once for each function it appears in
cs-make: *** [proyecto.o] Error 1
19:05:09 **** Incremental Build of configuration Debug for project proyecto ****
cs-make all 
'Building file: ../proyecto.c'
'Invoking: ARM Sourcery Windows GCC C Compiler'
arm-none-eabi-gcc -I../../BSP/include -O0 -Wall -Wa,-adhlns="proyecto.o.lst" -c -fmessage-length=0 -mapcs-frame -MMD -MP -MF"proyecto.d" -MT"proyecto.d" -mcpu=arm7tdmi -g3 -gdwarf-2 -o "proyecto.o" "../proyecto.c"
../proyecto.c:169:6: warning: return type of 'main' is not 'int'
'Finished building: ../proyecto.c'
' '
'Building target: proyecto.elf'
'Invoking: ARM Sourcery Windows GCC C Linker'
arm-none-eabi-gcc -T"../proyecto.ld" -nostartfiles -L../../BSP/Debug -Wl,-Map,proyecto.map -mcpu=arm7tdmi -g3 -gdwarf-2 -o "proyecto.elf"  ./proyecto.o   -lBSP
'Finished building target: proyecto.elf'
' '
'Invoking: ARM Sourcery Windows GNU Create Flash Image'
arm-none-eabi-objcopy -O binary proyecto.elf  "proyecto.hex"
'Finished building: proyecto.hex'
' '
'Invoking: ARM Sourcery Windows GNU Create Listing'
arm-none-eabi-objdump -h -S proyecto.elf > "proyecto.lst"
'Finished building: proyecto.lst'
' '
'Invoking: ARM Sourcery Windows GNU Print Size'
arm-none-eabi-size  --format=berkeley proyecto.elf
   text	   data	    bss	    dec	    hex	filename
  35752	  38424	   2142	  76318	  12a1e	proyecto.elf
'Finished building: proyecto.siz'
' '
19:12:13 **** Incremental Build of configuration Debug for project proyecto ****
cs-make all 
'Building file: ../proyecto.c'
'Invoking: ARM Sourcery Windows GCC C Compiler'
arm-none-eabi-gcc -I../../BSP/include -O0 -Wall -Wa,-adhlns="proyecto.o.lst" -c -fmessage-length=0 -mapcs-frame -MMD -MP -MF"proyecto.d" -MT"proyecto.d" -mcpu=arm7tdmi -g3 -gdwarf-2 -o "proyecto.o" "../proyecto.c"
../proyecto.c:169:6: warning: return type of 'main' is not 'int'
'Finished building: ../proyecto.c'
' '
'Building target: proyecto.elf'
'Invoking: ARM Sourcery Windows GCC C Linker'
arm-none-eabi-gcc -T"../proyecto.ld" -nostartfiles -L../../BSP/Debug -Wl,-Map,proyecto.map -mcpu=arm7tdmi -g3 -gdwarf-2 -o "proyecto.elf"  ./proyecto.o   -lBSP
'Finished building target: proyecto.elf'
' '
'Invoking: ARM Sourcery Windows GNU Create Flash Image'
arm-none-eabi-objcopy -O binary proyecto.elf  "proyecto.hex"
'Finished building: proyecto.hex'
' '
'Invoking: ARM Sourcery Windows GNU Create Listing'
arm-none-eabi-objdump -h -S proyecto.elf > "proyecto.lst"
'Finished building: proyecto.lst'
' '
'Invoking: ARM Sourcery Windows GNU Print Size'
arm-none-eabi-size  --format=berkeley proyecto.elf
   text	   data	    bss	    dec	    hex	filename
  35752	  38424	   2142	  76318	  12a1e	proyecto.elf
'Finished building: proyecto.siz'
' '
19:13:26 **** Incremental Build of configuration Debug for project proyecto ****
cs-make all 
'Building file: ../proyecto.c'
'Invoking: ARM Sourcery Windows GCC C Compiler'
arm-none-eabi-gcc -I../../BSP/include -O0 -Wall -Wa,-adhlns="proyecto.o.lst" -c -fmessage-length=0 -mapcs-frame -MMD -MP -MF"proyecto.d" -MT"proyecto.d" -mcpu=arm7tdmi -g3 -gdwarf-2 -o "proyecto.o" "../proyecto.c"
../proyecto.c:169:6: warning: return type of 'main' is not 'int'
'Finished building: ../proyecto.c'
' '
'Building target: proyecto.elf'
'Invoking: ARM Sourcery Windows GCC C Linker'
arm-none-eabi-gcc -T"../proyecto.ld" -nostartfiles -L../../BSP/Debug -Wl,-Map,proyecto.map -mcpu=arm7tdmi -g3 -gdwarf-2 -o "proyecto.elf"  ./proyecto.o   -lBSP
'Finished building target: proyecto.elf'
' '
'Invoking: ARM Sourcery Windows GNU Create Flash Image'
arm-none-eabi-objcopy -O binary proyecto.elf  "proyecto.hex"
'Finished building: proyecto.hex'
' '
'Invoking: ARM Sourcery Windows GNU Create Listing'
arm-none-eabi-objdump -h -S proyecto.elf > "proyecto.lst"
'Finished building: proyecto.lst'
' '
'Invoking: ARM Sourcery Windows GNU Print Size'
arm-none-eabi-size  --format=berkeley proyecto.elf
   text	   data	    bss	    dec	    hex	filename
  35752	  38424	   2142	  76318	  12a1e	proyecto.elf
'Finished building: proyecto.siz'
' '
19:14:10 **** Incremental Build of configuration Debug for project proyecto ****
cs-make all 
'Building file: ../proyecto.c'
'Invoking: ARM Sourcery Windows GCC C Compiler'
arm-none-eabi-gcc -I../../BSP/include -O0 -Wall -Wa,-adhlns="proyecto.o.lst" -c -fmessage-length=0 -mapcs-frame -MMD -MP -MF"proyecto.d" -MT"proyecto.d" -mcpu=arm7tdmi -g3 -gdwarf-2 -o "proyecto.o" "../proyecto.c"
../proyecto.c:169:6: warning: return type of 'main' is not 'int'
'Finished building: ../proyecto.c'
' '
'Building target: proyecto.elf'
'Invoking: ARM Sourcery Windows GCC C Linker'
arm-none-eabi-gcc -T"../proyecto.ld" -nostartfiles -L../../BSP/Debug -Wl,-Map,proyecto.map -mcpu=arm7tdmi -g3 -gdwarf-2 -o "proyecto.elf"  ./proyecto.o   -lBSP
'Finished building target: proyecto.elf'
' '
'Invoking: ARM Sourcery Windows GNU Create Flash Image'
arm-none-eabi-objcopy -O binary proyecto.elf  "proyecto.hex"
'Finished building: proyecto.hex'
' '
'Invoking: ARM Sourcery Windows GNU Create Listing'
arm-none-eabi-objdump -h -S proyecto.elf > "proyecto.lst"
'Finished building: proyecto.lst'
' '
'Invoking: ARM Sourcery Windows GNU Print Size'
arm-none-eabi-size  --format=berkeley proyecto.elf
   text	   data	    bss	    dec	    hex	filename
  35752	  38424	   2142	  76318	  12a1e	proyecto.elf
'Finished building: proyecto.siz'
' '
19:21:44 **** Incremental Build of configuration Debug for project proyecto ****
cs-make all 
'Building file: ../proyecto.c'
'Invoking: ARM Sourcery Windows GCC C Compiler'
arm-none-eabi-gcc -I../../BSP/include -O0 -Wall -Wa,-adhlns="proyecto.o.lst" -c -fmessage-length=0 -mapcs-frame -MMD -MP -MF"proyecto.d" -MT"proyecto.d" -mcpu=arm7tdmi -g3 -gdwarf-2 -o "proyecto.o" "../proyecto.c"
../proyecto.c:169:6: warning: return type of 'main' is not 'int'
'Finished building: ../proyecto.c'
' '
'Building target: proyecto.elf'
'Invoking: ARM Sourcery Windows GCC C Linker'
arm-none-eabi-gcc -T"../proyecto.ld" -nostartfiles -L../../BSP/Debug -Wl,-Map,proyecto.map -mcpu=arm7tdmi -g3 -gdwarf-2 -o "proyecto.elf"  ./proyecto.o   -lBSP
'Finished building target: proyecto.elf'
' '
'Invoking: ARM Sourcery Windows GNU Create Flash Image'
arm-none-eabi-objcopy -O binary proyecto.elf  "proyecto.hex"
'Finished building: proyecto.hex'
' '
'Invoking: ARM Sourcery Windows GNU Create Listing'
arm-none-eabi-objdump -h -S proyecto.elf > "proyecto.lst"
'Finished building: proyecto.lst'
' '
'Invoking: ARM Sourcery Windows GNU Print Size'
arm-none-eabi-size  --format=berkeley proyecto.elf
   text	   data	    bss	    dec	    hex	filename
  35820	  38424	   2142	  76386	  12a62	proyecto.elf
'Finished building: proyecto.siz'
' '
19:33:06 **** Incremental Build of configuration Debug for project proyecto ****
cs-make all 
'Building file: ../proyecto.c'
'Invoking: ARM Sourcery Windows GCC C Compiler'
arm-none-eabi-gcc -I../../BSP/include -O0 -Wall -Wa,-adhlns="proyecto.o.lst" -c -fmessage-length=0 -mapcs-frame -MMD -MP -MF"proyecto.d" -MT"proyecto.d" -mcpu=arm7tdmi -g3 -gdwarf-2 -o "proyecto.o" "../proyecto.c"
../proyecto.c:169:6: warning: return type of 'main' is not 'int'
'Finished building: ../proyecto.c'
' '
'Building target: proyecto.elf'
'Invoking: ARM Sourcery Windows GCC C Linker'
arm-none-eabi-gcc -T"../proyecto.ld" -nostartfiles -L../../BSP/Debug -Wl,-Map,proyecto.map -mcpu=arm7tdmi -g3 -gdwarf-2 -o "proyecto.elf"  ./proyecto.o   -lBSP
'Finished building target: proyecto.elf'
' '
'Invoking: ARM Sourcery Windows GNU Create Flash Image'
arm-none-eabi-objcopy -O binary proyecto.elf  "proyecto.hex"
'Finished building: proyecto.hex'
' '
'Invoking: ARM Sourcery Windows GNU Create Listing'
arm-none-eabi-objdump -h -S proyecto.elf > "proyecto.lst"
'Finished building: proyecto.lst'
' '
'Invoking: ARM Sourcery Windows GNU Print Size'
arm-none-eabi-size  --format=berkeley proyecto.elf
   text	   data	    bss	    dec	    hex	filename
  35816	  38424	   2138	  76378	  12a5a	proyecto.elf
'Finished building: proyecto.siz'
' '
19:35:27 **** Incremental Build of configuration Debug for project proyecto ****
cs-make all 
'Building file: ../proyecto.c'
'Invoking: ARM Sourcery Windows GCC C Compiler'
arm-none-eabi-gcc -I../../BSP/include -O0 -Wall -Wa,-adhlns="proyecto.o.lst" -c -fmessage-length=0 -mapcs-frame -MMD -MP -MF"proyecto.d" -MT"proyecto.d" -mcpu=arm7tdmi -g3 -gdwarf-2 -o "proyecto.o" "../proyecto.c"
../proyecto.c:169:6: warning: return type of 'main' is not 'int'
'Finished building: ../proyecto.c'
' '
'Building target: proyecto.elf'
'Invoking: ARM Sourcery Windows GCC C Linker'
arm-none-eabi-gcc -T"../proyecto.ld" -nostartfiles -L../../BSP/Debug -Wl,-Map,proyecto.map -mcpu=arm7tdmi -g3 -gdwarf-2 -o "proyecto.elf"  ./proyecto.o   -lBSP
'Finished building target: proyecto.elf'
' '
'Invoking: ARM Sourcery Windows GNU Create Flash Image'
arm-none-eabi-objcopy -O binary proyecto.elf  "proyecto.hex"
'Finished building: proyecto.hex'
' '
'Invoking: ARM Sourcery Windows GNU Create Listing'
arm-none-eabi-objdump -h -S proyecto.elf > "proyecto.lst"
'Finished building: proyecto.lst'
' '
'Invoking: ARM Sourcery Windows GNU Print Size'
arm-none-eabi-size  --format=berkeley proyecto.elf
   text	   data	    bss	    dec	    hex	filename
  35812	  38424	   2138	  76374	  12a56	proyecto.elf
'Finished building: proyecto.siz'
' '
19:43:35 **** Incremental Build of configuration Debug for project proyecto ****
cs-make all 
'Building file: ../proyecto.c'
'Invoking: ARM Sourcery Windows GCC C Compiler'
arm-none-eabi-gcc -I../../BSP/include -O0 -Wall -Wa,-adhlns="proyecto.o.lst" -c -fmessage-length=0 -mapcs-frame -MMD -MP -MF"proyecto.d" -MT"proyecto.d" -mcpu=arm7tdmi -g3 -gdwarf-2 -o "proyecto.o" "../proyecto.c"
../proyecto.c:169:6: warning: return type of 'main' is not 'int'
'Finished building: ../proyecto.c'
' '
'Building target: proyecto.elf'
'Invoking: ARM Sourcery Windows GCC C Linker'
arm-none-eabi-gcc -T"../proyecto.ld" -nostartfiles -L../../BSP/Debug -Wl,-Map,proyecto.map -mcpu=arm7tdmi -g3 -gdwarf-2 -o "proyecto.elf"  ./proyecto.o   -lBSP
'Finished building target: proyecto.elf'
' '
'Invoking: ARM Sourcery Windows GNU Create Flash Image'
arm-none-eabi-objcopy -O binary proyecto.elf  "proyecto.hex"
'Finished building: proyecto.hex'
' '
'Invoking: ARM Sourcery Windows GNU Create Listing'
arm-none-eabi-objdump -h -S proyecto.elf > "proyecto.lst"
'Finished building: proyecto.lst'
' '
'Invoking: ARM Sourcery Windows GNU Print Size'
arm-none-eabi-size  --format=berkeley proyecto.elf
   text	   data	    bss	    dec	    hex	filename
  35816	  38424	   2138	  76378	  12a5a	proyecto.elf
'Finished building: proyecto.siz'
' '
19:44:01 **** Incremental Build of configuration Debug for project proyecto ****
cs-make all 
'Building file: ../proyecto.c'
'Invoking: ARM Sourcery Windows GCC C Compiler'
arm-none-eabi-gcc -I../../BSP/include -O0 -Wall -Wa,-adhlns="proyecto.o.lst" -c -fmessage-length=0 -mapcs-frame -MMD -MP -MF"proyecto.d" -MT"proyecto.d" -mcpu=arm7tdmi -g3 -gdwarf-2 -o "proyecto.o" "../proyecto.c"
../proyecto.c:169:6: warning: return type of 'main' is not 'int'
'Finished building: ../proyecto.c'
' '
'Building target: proyecto.elf'
'Invoking: ARM Sourcery Windows GCC C Linker'
arm-none-eabi-gcc -T"../proyecto.ld" -nostartfiles -L../../BSP/Debug -Wl,-Map,proyecto.map -mcpu=arm7tdmi -g3 -gdwarf-2 -o "proyecto.elf"  ./proyecto.o   -lBSP
'Finished building target: proyecto.elf'
' '
'Invoking: ARM Sourcery Windows GNU Create Flash Image'
arm-none-eabi-objcopy -O binary proyecto.elf  "proyecto.hex"
'Finished building: proyecto.hex'
' '
'Invoking: ARM Sourcery Windows GNU Create Listing'
arm-none-eabi-objdump -h -S proyecto.elf > "proyecto.lst"
'Finished building: proyecto.lst'
' '
'Invoking: ARM Sourcery Windows GNU Print Size'
arm-none-eabi-size  --format=berkeley proyecto.elf
   text	   data	    bss	    dec	    hex	filename
  35844	  38424	   2138	  76406	  12a76	proyecto.elf
'Finished building: proyecto.siz'
' '
19:48:03 **** Incremental Build of configuration Debug for project proyecto ****
cs-make all 
'Invoking: ARM Sourcery Windows GNU Print Size'
arm-none-eabi-size  --format=berkeley proyecto.elf
   text	   data	    bss	    dec	    hex	filename
  35844	  38424	   2138	  76406	  12a76	proyecto.elf
'Finished building: proyecto.siz'
' '
19:49:17 **** Incremental Build of configuration Debug for project proyecto ****
cs-make all 
'Building file: ../proyecto.c'
'Invoking: ARM Sourcery Windows GCC C Compiler'
arm-none-eabi-gcc -I../../BSP/include -O0 -Wall -Wa,-adhlns="proyecto.o.lst" -c -fmessage-length=0 -mapcs-frame -MMD -MP -MF"proyecto.d" -MT"proyecto.d" -mcpu=arm7tdmi -g3 -gdwarf-2 -o "proyecto.o" "../proyecto.c"
../proyecto.c:169:6: warning: return type of 'main' is not 'int'
'Finished building: ../proyecto.c'
' '
'Building target: proyecto.elf'
'Invoking: ARM Sourcery Windows GCC C Linker'
arm-none-eabi-gcc -T"../proyecto.ld" -nostartfiles -L../../BSP/Debug -Wl,-Map,proyecto.map -mcpu=arm7tdmi -g3 -gdwarf-2 -o "proyecto.elf"  ./proyecto.o   -lBSP
'Finished building target: proyecto.elf'
' '
'Invoking: ARM Sourcery Windows GNU Create Flash Image'
arm-none-eabi-objcopy -O binary proyecto.elf  "proyecto.hex"
'Finished building: proyecto.hex'
' '
'Invoking: ARM Sourcery Windows GNU Create Listing'
arm-none-eabi-objdump -h -S proyecto.elf > "proyecto.lst"
'Finished building: proyecto.lst'
' '
'Invoking: ARM Sourcery Windows GNU Print Size'
arm-none-eabi-size  --format=berkeley proyecto.elf
   text	   data	    bss	    dec	    hex	filename
  35844	  38424	   2138	  76406	  12a76	proyecto.elf
'Finished building: proyecto.siz'
' '
19:53:07 **** Incremental Build of configuration Debug for project proyecto ****
cs-make all 
'Building file: ../proyecto.c'
'Invoking: ARM Sourcery Windows GCC C Compiler'
arm-none-eabi-gcc -I../../BSP/include -O0 -Wall -Wa,-adhlns="proyecto.o.lst" -c -fmessage-length=0 -mapcs-frame -MMD -MP -MF"proyecto.d" -MT"proyecto.d" -mcpu=arm7tdmi -g3 -gdwarf-2 -o "proyecto.o" "../proyecto.c"
../proyecto.c:169:6: warning: return type of 'main' is not 'int'
'Finished building: ../proyecto.c'
' '
'Building target: proyecto.elf'
'Invoking: ARM Sourcery Windows GCC C Linker'
arm-none-eabi-gcc -T"../proyecto.ld" -nostartfiles -L../../BSP/Debug -Wl,-Map,proyecto.map -mcpu=arm7tdmi -g3 -gdwarf-2 -o "proyecto.elf"  ./proyecto.o   -lBSP
'Finished building target: proyecto.elf'
' '
'Invoking: ARM Sourcery Windows GNU Create Flash Image'
arm-none-eabi-objcopy -O binary proyecto.elf  "proyecto.hex"
'Finished building: proyecto.hex'
' '
'Invoking: ARM Sourcery Windows GNU Create Listing'
arm-none-eabi-objdump -h -S proyecto.elf > "proyecto.lst"
'Finished building: proyecto.lst'
' '
'Invoking: ARM Sourcery Windows GNU Print Size'
arm-none-eabi-size  --format=berkeley proyecto.elf
   text	   data	    bss	    dec	    hex	filename
  35844	  38424	   2138	  76406	  12a76	proyecto.elf
'Finished building: proyecto.siz'
' '
19:56:56 **** Incremental Build of configuration Debug for project proyecto ****
cs-make all 
'Building file: ../proyecto.c'
'Invoking: ARM Sourcery Windows GCC C Compiler'
arm-none-eabi-gcc -I../../BSP/include -O0 -Wall -Wa,-adhlns="proyecto.o.lst" -c -fmessage-length=0 -mapcs-frame -MMD -MP -MF"proyecto.d" -MT"proyecto.d" -mcpu=arm7tdmi -g3 -gdwarf-2 -o "proyecto.o" "../proyecto.c"
../proyecto.c:169:6: warning: return type of 'main' is not 'int'
'Finished building: ../proyecto.c'
' '
'Building target: proyecto.elf'
'Invoking: ARM Sourcery Windows GCC C Linker'
arm-none-eabi-gcc -T"../proyecto.ld" -nostartfiles -L../../BSP/Debug -Wl,-Map,proyecto.map -mcpu=arm7tdmi -g3 -gdwarf-2 -o "proyecto.elf"  ./proyecto.o   -lBSP
'Finished building target: proyecto.elf'
' '
'Invoking: ARM Sourcery Windows GNU Create Flash Image'
arm-none-eabi-objcopy -O binary proyecto.elf  "proyecto.hex"
'Finished building: proyecto.hex'
' '
'Invoking: ARM Sourcery Windows GNU Create Listing'
arm-none-eabi-objdump -h -S proyecto.elf > "proyecto.lst"
'Finished building: proyecto.lst'
' '
'Invoking: ARM Sourcery Windows GNU Print Size'
arm-none-eabi-size  --format=berkeley proyecto.elf
   text	   data	    bss	    dec	    hex	filename
  35880	  38424	   2138	  76442	  12a9a	proyecto.elf
'Finished building: proyecto.siz'
' '
19:59:33 **** Incremental Build of configuration Debug for project proyecto ****
cs-make all 
'Building file: ../proyecto.c'
'Invoking: ARM Sourcery Windows GCC C Compiler'
arm-none-eabi-gcc -I../../BSP/include -O0 -Wall -Wa,-adhlns="proyecto.o.lst" -c -fmessage-length=0 -mapcs-frame -MMD -MP -MF"proyecto.d" -MT"proyecto.d" -mcpu=arm7tdmi -g3 -gdwarf-2 -o "proyecto.o" "../proyecto.c"
../proyecto.c:169:6: warning: return type of 'main' is not 'int'
'Finished building: ../proyecto.c'
' '
'Building target: proyecto.elf'
'Invoking: ARM Sourcery Windows GCC C Linker'
arm-none-eabi-gcc -T"../proyecto.ld" -nostartfiles -L../../BSP/Debug -Wl,-Map,proyecto.map -mcpu=arm7tdmi -g3 -gdwarf-2 -o "proyecto.elf"  ./proyecto.o   -lBSP
'Finished building target: proyecto.elf'
' '
'Invoking: ARM Sourcery Windows GNU Create Flash Image'
arm-none-eabi-objcopy -O binary proyecto.elf  "proyecto.hex"
'Finished building: proyecto.hex'
' '
'Invoking: ARM Sourcery Windows GNU Create Listing'
arm-none-eabi-objdump -h -S proyecto.elf > "proyecto.lst"
'Finished building: proyecto.lst'
' '
'Invoking: ARM Sourcery Windows GNU Print Size'
arm-none-eabi-size  --format=berkeley proyecto.elf
   text	   data	    bss	    dec	    hex	filename
  35880	  38424	   2138	  76442	  12a9a	proyecto.elf
'Finished building: proyecto.siz'
' '
20:04:13 **** Incremental Build of configuration Debug for project proyecto ****
cs-make all 
'Building file: ../proyecto.c'
'Invoking: ARM Sourcery Windows GCC C Compiler'
arm-none-eabi-gcc -I../../BSP/include -O0 -Wall -Wa,-adhlns="proyecto.o.lst" -c -fmessage-length=0 -mapcs-frame -MMD -MP -MF"proyecto.d" -MT"proyecto.d" -mcpu=arm7tdmi -g3 -gdwarf-2 -o "proyecto.o" "../proyecto.c"
../proyecto.c:170:6: warning: return type of 'main' is not 'int'
'Finished building: ../proyecto.c'
' '
'Building target: proyecto.elf'
'Invoking: ARM Sourcery Windows GCC C Linker'
arm-none-eabi-gcc -T"../proyecto.ld" -nostartfiles -L../../BSP/Debug -Wl,-Map,proyecto.map -mcpu=arm7tdmi -g3 -gdwarf-2 -o "proyecto.elf"  ./proyecto.o   -lBSP
'Finished building target: proyecto.elf'
' '
'Invoking: ARM Sourcery Windows GNU Create Flash Image'
arm-none-eabi-objcopy -O binary proyecto.elf  "proyecto.hex"
'Finished building: proyecto.hex'
' '
'Invoking: ARM Sourcery Windows GNU Create Listing'
arm-none-eabi-objdump -h -S proyecto.elf > "proyecto.lst"
'Finished building: proyecto.lst'
' '
'Invoking: ARM Sourcery Windows GNU Print Size'
arm-none-eabi-size  --format=berkeley proyecto.elf
   text	   data	    bss	    dec	    hex	filename
  35912	  38424	   2142	  76478	  12abe	proyecto.elf
'Finished building: proyecto.siz'
' '
20:05:45 **** Incremental Build of configuration Debug for project proyecto ****
cs-make all 
'Building file: ../proyecto.c'
'Invoking: ARM Sourcery Windows GCC C Compiler'
arm-none-eabi-gcc -I../../BSP/include -O0 -Wall -Wa,-adhlns="proyecto.o.lst" -c -fmessage-length=0 -mapcs-frame -MMD -MP -MF"proyecto.d" -MT"proyecto.d" -mcpu=arm7tdmi -g3 -gdwarf-2 -o "proyecto.o" "../proyecto.c"
../proyecto.c:170:6: warning: return type of 'main' is not 'int'
'Finished building: ../proyecto.c'
' '
'Building target: proyecto.elf'
'Invoking: ARM Sourcery Windows GCC C Linker'
arm-none-eabi-gcc -T"../proyecto.ld" -nostartfiles -L../../BSP/Debug -Wl,-Map,proyecto.map -mcpu=arm7tdmi -g3 -gdwarf-2 -o "proyecto.elf"  ./proyecto.o   -lBSP
'Finished building target: proyecto.elf'
' '
'Invoking: ARM Sourcery Windows GNU Create Flash Image'
arm-none-eabi-objcopy -O binary proyecto.elf  "proyecto.hex"
'Finished building: proyecto.hex'
' '
'Invoking: ARM Sourcery Windows GNU Create Listing'
arm-none-eabi-objdump -h -S proyecto.elf > "proyecto.lst"
'Finished building: proyecto.lst'
' '
'Invoking: ARM Sourcery Windows GNU Print Size'
arm-none-eabi-size  --format=berkeley proyecto.elf
   text	   data	    bss	    dec	    hex	filename
  35932	  38424	   2142	  76498	  12ad2	proyecto.elf
'Finished building: proyecto.siz'
' '
20:09:01 **** Incremental Build of configuration Debug for project proyecto ****
cs-make all 
'Building file: ../proyecto.c'
'Invoking: ARM Sourcery Windows GCC C Compiler'
arm-none-eabi-gcc -I../../BSP/include -O0 -Wall -Wa,-adhlns="proyecto.o.lst" -c -fmessage-length=0 -mapcs-frame -MMD -MP -MF"proyecto.d" -MT"proyecto.d" -mcpu=arm7tdmi -g3 -gdwarf-2 -o "proyecto.o" "../proyecto.c"
../proyecto.c:170:6: warning: return type of 'main' is not 'int'
'Finished building: ../proyecto.c'
' '
'Building target: proyecto.elf'
'Invoking: ARM Sourcery Windows GCC C Linker'
arm-none-eabi-gcc -T"../proyecto.ld" -nostartfiles -L../../BSP/Debug -Wl,-Map,proyecto.map -mcpu=arm7tdmi -g3 -gdwarf-2 -o "proyecto.elf"  ./proyecto.o   -lBSP
'Finished building target: proyecto.elf'
' '
'Invoking: ARM Sourcery Windows GNU Create Flash Image'
arm-none-eabi-objcopy -O binary proyecto.elf  "proyecto.hex"
'Finished building: proyecto.hex'
' '
'Invoking: ARM Sourcery Windows GNU Create Listing'
arm-none-eabi-objdump -h -S proyecto.elf > "proyecto.lst"
'Finished building: proyecto.lst'
' '
'Invoking: ARM Sourcery Windows GNU Print Size'
arm-none-eabi-size  --format=berkeley proyecto.elf
   text	   data	    bss	    dec	    hex	filename
  35948	  38424	   2142	  76514	  12ae2	proyecto.elf
'Finished building: proyecto.siz'
' '
20:11:57 **** Incremental Build of configuration Debug for project proyecto ****
cs-make all 
'Building file: ../proyecto.c'
'Invoking: ARM Sourcery Windows GCC C Compiler'
arm-none-eabi-gcc -I../../BSP/include -O0 -Wall -Wa,-adhlns="proyecto.o.lst" -c -fmessage-length=0 -mapcs-frame -MMD -MP -MF"proyecto.d" -MT"proyecto.d" -mcpu=arm7tdmi -g3 -gdwarf-2 -o "proyecto.o" "../proyecto.c"
../proyecto.c:170:6: warning: return type of 'main' is not 'int'
../proyecto.c: In function 'dummy_dead':
../proyecto.c:252:4: error: incompatible type for argument 1 of 'sprite_plot'
../proyecto.c:149:6: note: expected 'const struct sprite_t *' but argument is of type 'sprite_t'
cs-make: *** [proyecto.o] Error 1
20:12:30 **** Incremental Build of configuration Debug for project proyecto ****
cs-make all 
'Building file: ../proyecto.c'
'Invoking: ARM Sourcery Windows GCC C Compiler'
arm-none-eabi-gcc -I../../BSP/include -O0 -Wall -Wa,-adhlns="proyecto.o.lst" -c -fmessage-length=0 -mapcs-frame -MMD -MP -MF"proyecto.d" -MT"proyecto.d" -mcpu=arm7tdmi -g3 -gdwarf-2 -o "proyecto.o" "../proyecto.c"
../proyecto.c:170:6: warning: return type of 'main' is not 'int'
'Finished building: ../proyecto.c'
' '
'Building target: proyecto.elf'
'Invoking: ARM Sourcery Windows GCC C Linker'
arm-none-eabi-gcc -T"../proyecto.ld" -nostartfiles -L../../BSP/Debug -Wl,-Map,proyecto.map -mcpu=arm7tdmi -g3 -gdwarf-2 -o "proyecto.elf"  ./proyecto.o   -lBSP
'Finished building target: proyecto.elf'
' '
'Invoking: ARM Sourcery Windows GNU Create Flash Image'
arm-none-eabi-objcopy -O binary proyecto.elf  "proyecto.hex"
'Finished building: proyecto.hex'
' '
'Invoking: ARM Sourcery Windows GNU Create Listing'
arm-none-eabi-objdump -h -S proyecto.elf > "proyecto.lst"
'Finished building: proyecto.lst'
' '
'Invoking: ARM Sourcery Windows GNU Print Size'
arm-none-eabi-size  --format=berkeley proyecto.elf
   text	   data	    bss	    dec	    hex	filename
  35972	  38424	   2142	  76538	  12afa	proyecto.elf
'Finished building: proyecto.siz'
' '
20:13:07 **** Incremental Build of configuration Debug for project proyecto ****
cs-make all 
'Invoking: ARM Sourcery Windows GNU Print Size'
arm-none-eabi-size  --format=berkeley proyecto.elf
   text	   data	    bss	    dec	    hex	filename
  35972	  38424	   2142	  76538	  12afa	proyecto.elf
'Finished building: proyecto.siz'
' '
20:16:02 **** Incremental Build of configuration Debug for project proyecto ****
cs-make all 
'Building file: ../proyecto.c'
'Invoking: ARM Sourcery Windows GCC C Compiler'
arm-none-eabi-gcc -I../../BSP/include -O0 -Wall -Wa,-adhlns="proyecto.o.lst" -c -fmessage-length=0 -mapcs-frame -MMD -MP -MF"proyecto.d" -MT"proyecto.d" -mcpu=arm7tdmi -g3 -gdwarf-2 -o "proyecto.o" "../proyecto.c"
../proyecto.c:170:6: warning: return type of 'main' is not 'int'
'Finished building: ../proyecto.c'
' '
'Building target: proyecto.elf'
'Invoking: ARM Sourcery Windows GCC C Linker'
arm-none-eabi-gcc -T"../proyecto.ld" -nostartfiles -L../../BSP/Debug -Wl,-Map,proyecto.map -mcpu=arm7tdmi -g3 -gdwarf-2 -o "proyecto.elf"  ./proyecto.o   -lBSP
'Finished building target: proyecto.elf'
' '
'Invoking: ARM Sourcery Windows GNU Create Flash Image'
arm-none-eabi-objcopy -O binary proyecto.elf  "proyecto.hex"
'Finished building: proyecto.hex'
' '
'Invoking: ARM Sourcery Windows GNU Create Listing'
arm-none-eabi-objdump -h -S proyecto.elf > "proyecto.lst"
'Finished building: proyecto.lst'
' '
'Invoking: ARM Sourcery Windows GNU Print Size'
arm-none-eabi-size  --format=berkeley proyecto.elf
   text	   data	    bss	    dec	    hex	filename
  35964	  38424	   2142	  76530	  12af2	proyecto.elf
'Finished building: proyecto.siz'
' '
20:17:33 **** Incremental Build of configuration Debug for project proyecto ****
cs-make all 
'Building file: ../proyecto.c'
'Invoking: ARM Sourcery Windows GCC C Compiler'
arm-none-eabi-gcc -I../../BSP/include -O0 -Wall -Wa,-adhlns="proyecto.o.lst" -c -fmessage-length=0 -mapcs-frame -MMD -MP -MF"proyecto.d" -MT"proyecto.d" -mcpu=arm7tdmi -g3 -gdwarf-2 -o "proyecto.o" "../proyecto.c"
../proyecto.c:170:6: warning: return type of 'main' is not 'int'
'Finished building: ../proyecto.c'
' '
'Building target: proyecto.elf'
'Invoking: ARM Sourcery Windows GCC C Linker'
arm-none-eabi-gcc -T"../proyecto.ld" -nostartfiles -L../../BSP/Debug -Wl,-Map,proyecto.map -mcpu=arm7tdmi -g3 -gdwarf-2 -o "proyecto.elf"  ./proyecto.o   -lBSP
'Finished building target: proyecto.elf'
' '
'Invoking: ARM Sourcery Windows GNU Create Flash Image'
arm-none-eabi-objcopy -O binary proyecto.elf  "proyecto.hex"
'Finished building: proyecto.hex'
' '
'Invoking: ARM Sourcery Windows GNU Create Listing'
arm-none-eabi-objdump -h -S proyecto.elf > "proyecto.lst"
'Finished building: proyecto.lst'
' '
'Invoking: ARM Sourcery Windows GNU Print Size'
arm-none-eabi-size  --format=berkeley proyecto.elf
   text	   data	    bss	    dec	    hex	filename
  35964	  38424	   2142	  76530	  12af2	proyecto.elf
'Finished building: proyecto.siz'
' '
20:18:28 **** Incremental Build of configuration Debug for project proyecto ****
cs-make all 
'Building file: ../proyecto.c'
'Invoking: ARM Sourcery Windows GCC C Compiler'
arm-none-eabi-gcc -I../../BSP/include -O0 -Wall -Wa,-adhlns="proyecto.o.lst" -c -fmessage-length=0 -mapcs-frame -MMD -MP -MF"proyecto.d" -MT"proyecto.d" -mcpu=arm7tdmi -g3 -gdwarf-2 -o "proyecto.o" "../proyecto.c"
../proyecto.c:170:6: warning: return type of 'main' is not 'int'
../proyecto.c: In function 'dummy_dead':
../proyecto.c:253:4: error: too many arguments to function 'sleep'
../../BSP/include/system.h:96:13: note: declared here
cs-make: *** [proyecto.o] Error 1
20:19:04 **** Incremental Build of configuration Debug for project proyecto ****
cs-make all 
'Building file: ../proyecto.c'
'Invoking: ARM Sourcery Windows GCC C Compiler'
arm-none-eabi-gcc -I../../BSP/include -O0 -Wall -Wa,-adhlns="proyecto.o.lst" -c -fmessage-length=0 -mapcs-frame -MMD -MP -MF"proyecto.d" -MT"proyecto.d" -mcpu=arm7tdmi -g3 -gdwarf-2 -o "proyecto.o" "../proyecto.c"
../proyecto.c:170:6: warning: return type of 'main' is not 'int'
../proyecto.c: In function 'dummy_dead':
../proyecto.c:253:4: error: too many arguments to function 'sleep'
../../BSP/include/system.h:96:13: note: declared here
cs-make: *** [proyecto.o] Error 1
20:19:38 **** Incremental Build of configuration Debug for project proyecto ****
cs-make all 
'Building file: ../proyecto.c'
'Invoking: ARM Sourcery Windows GCC C Compiler'
arm-none-eabi-gcc -I../../BSP/include -O0 -Wall -Wa,-adhlns="proyecto.o.lst" -c -fmessage-length=0 -mapcs-frame -MMD -MP -MF"proyecto.d" -MT"proyecto.d" -mcpu=arm7tdmi -g3 -gdwarf-2 -o "proyecto.o" "../proyecto.c"
../proyecto.c:170:6: warning: return type of 'main' is not 'int'
'Finished building: ../proyecto.c'
' '
'Building target: proyecto.elf'
'Invoking: ARM Sourcery Windows GCC C Linker'
arm-none-eabi-gcc -T"../proyecto.ld" -nostartfiles -L../../BSP/Debug -Wl,-Map,proyecto.map -mcpu=arm7tdmi -g3 -gdwarf-2 -o "proyecto.elf"  ./proyecto.o   -lBSP
'Finished building target: proyecto.elf'
' '
'Invoking: ARM Sourcery Windows GNU Create Flash Image'
arm-none-eabi-objcopy -O binary proyecto.elf  "proyecto.hex"
'Finished building: proyecto.hex'
' '
'Invoking: ARM Sourcery Windows GNU Create Listing'
arm-none-eabi-objdump -h -S proyecto.elf > "proyecto.lst"
'Finished building: proyecto.lst'
' '
'Invoking: ARM Sourcery Windows GNU Print Size'
arm-none-eabi-size  --format=berkeley proyecto.elf
   text	   data	    bss	    dec	    hex	filename
  35972	  38424	   2142	  76538	  12afa	proyecto.elf
'Finished building: proyecto.siz'
' '
20:23:45 **** Incremental Build of configuration Debug for project proyecto ****
cs-make all 
'Building file: ../proyecto.c'
'Invoking: ARM Sourcery Windows GCC C Compiler'
arm-none-eabi-gcc -I../../BSP/include -O0 -Wall -Wa,-adhlns="proyecto.o.lst" -c -fmessage-length=0 -mapcs-frame -MMD -MP -MF"proyecto.d" -MT"proyecto.d" -mcpu=arm7tdmi -g3 -gdwarf-2 -o "proyecto.o" "../proyecto.c"
../proyecto.c:170:6: warning: return type of 'main' is not 'int'
'Finished building: ../proyecto.c'
' '
'Building target: proyecto.elf'
'Invoking: ARM Sourcery Windows GCC C Linker'
arm-none-eabi-gcc -T"../proyecto.ld" -nostartfiles -L../../BSP/Debug -Wl,-Map,proyecto.map -mcpu=arm7tdmi -g3 -gdwarf-2 -o "proyecto.elf"  ./proyecto.o   -lBSP
'Finished building target: proyecto.elf'
' '
'Invoking: ARM Sourcery Windows GNU Create Flash Image'
arm-none-eabi-objcopy -O binary proyecto.elf  "proyecto.hex"
'Finished building: proyecto.hex'
' '
'Invoking: ARM Sourcery Windows GNU Create Listing'
arm-none-eabi-objdump -h -S proyecto.elf > "proyecto.lst"
'Finished building: proyecto.lst'
' '
'Invoking: ARM Sourcery Windows GNU Print Size'
arm-none-eabi-size  --format=berkeley proyecto.elf
   text	   data	    bss	    dec	    hex	filename
  35948	  38424	   2142	  76514	  12ae2	proyecto.elf
'Finished building: proyecto.siz'
' '
20:24:51 **** Incremental Build of configuration Debug for project proyecto ****
cs-make all 
'Building file: ../proyecto.c'
'Invoking: ARM Sourcery Windows GCC C Compiler'
arm-none-eabi-gcc -I../../BSP/include -O0 -Wall -Wa,-adhlns="proyecto.o.lst" -c -fmessage-length=0 -mapcs-frame -MMD -MP -MF"proyecto.d" -MT"proyecto.d" -mcpu=arm7tdmi -g3 -gdwarf-2 -o "proyecto.o" "../proyecto.c"
../proyecto.c:170:6: warning: return type of 'main' is not 'int'
'Finished building: ../proyecto.c'
' '
'Building target: proyecto.elf'
'Invoking: ARM Sourcery Windows GCC C Linker'
arm-none-eabi-gcc -T"../proyecto.ld" -nostartfiles -L../../BSP/Debug -Wl,-Map,proyecto.map -mcpu=arm7tdmi -g3 -gdwarf-2 -o "proyecto.elf"  ./proyecto.o   -lBSP
'Finished building target: proyecto.elf'
' '
'Invoking: ARM Sourcery Windows GNU Create Flash Image'
arm-none-eabi-objcopy -O binary proyecto.elf  "proyecto.hex"
'Finished building: proyecto.hex'
' '
'Invoking: ARM Sourcery Windows GNU Create Listing'
arm-none-eabi-objdump -h -S proyecto.elf > "proyecto.lst"
'Finished building: proyecto.lst'
' '
'Invoking: ARM Sourcery Windows GNU Print Size'
arm-none-eabi-size  --format=berkeley proyecto.elf
   text	   data	    bss	    dec	    hex	filename
  35948	  38424	   2142	  76514	  12ae2	proyecto.elf
'Finished building: proyecto.siz'
' '
20:25:50 **** Incremental Build of configuration Debug for project proyecto ****
cs-make all 
'Building file: ../proyecto.c'
'Invoking: ARM Sourcery Windows GCC C Compiler'
arm-none-eabi-gcc -I../../BSP/include -O0 -Wall -Wa,-adhlns="proyecto.o.lst" -c -fmessage-length=0 -mapcs-frame -MMD -MP -MF"proyecto.d" -MT"proyecto.d" -mcpu=arm7tdmi -g3 -gdwarf-2 -o "proyecto.o" "../proyecto.c"
../proyecto.c:170:6: warning: return type of 'main' is not 'int'
'Finished building: ../proyecto.c'
' '
'Building target: proyecto.elf'
'Invoking: ARM Sourcery Windows GCC C Linker'
arm-none-eabi-gcc -T"../proyecto.ld" -nostartfiles -L../../BSP/Debug -Wl,-Map,proyecto.map -mcpu=arm7tdmi -g3 -gdwarf-2 -o "proyecto.elf"  ./proyecto.o   -lBSP
'Finished building target: proyecto.elf'
' '
'Invoking: ARM Sourcery Windows GNU Create Flash Image'
arm-none-eabi-objcopy -O binary proyecto.elf  "proyecto.hex"
'Finished building: proyecto.hex'
' '
'Invoking: ARM Sourcery Windows GNU Create Listing'
arm-none-eabi-objdump -h -S proyecto.elf > "proyecto.lst"
'Finished building: proyecto.lst'
' '
'Invoking: ARM Sourcery Windows GNU Print Size'
arm-none-eabi-size  --format=berkeley proyecto.elf
   text	   data	    bss	    dec	    hex	filename
  35964	  38424	   2142	  76530	  12af2	proyecto.elf
'Finished building: proyecto.siz'
' '
20:26:12 **** Incremental Build of configuration Debug for project proyecto ****
cs-make all 
'Building file: ../proyecto.c'
'Invoking: ARM Sourcery Windows GCC C Compiler'
arm-none-eabi-gcc -I../../BSP/include -O0 -Wall -Wa,-adhlns="proyecto.o.lst" -c -fmessage-length=0 -mapcs-frame -MMD -MP -MF"proyecto.d" -MT"proyecto.d" -mcpu=arm7tdmi -g3 -gdwarf-2 -o "proyecto.o" "../proyecto.c"
../proyecto.c:170:6: warning: return type of 'main' is not 'int'
'Finished building: ../proyecto.c'
' '
'Building target: proyecto.elf'
'Invoking: ARM Sourcery Windows GCC C Linker'
arm-none-eabi-gcc -T"../proyecto.ld" -nostartfiles -L../../BSP/Debug -Wl,-Map,proyecto.map -mcpu=arm7tdmi -g3 -gdwarf-2 -o "proyecto.elf"  ./proyecto.o   -lBSP
'Finished building target: proyecto.elf'
' '
'Invoking: ARM Sourcery Windows GNU Create Flash Image'
arm-none-eabi-objcopy -O binary proyecto.elf  "proyecto.hex"
'Finished building: proyecto.hex'
' '
'Invoking: ARM Sourcery Windows GNU Create Listing'
arm-none-eabi-objdump -h -S proyecto.elf > "proyecto.lst"
'Finished building: proyecto.lst'
' '
'Invoking: ARM Sourcery Windows GNU Print Size'
arm-none-eabi-size  --format=berkeley proyecto.elf
   text	   data	    bss	    dec	    hex	filename
  35964	  38424	   2142	  76530	  12af2	proyecto.elf
'Finished building: proyecto.siz'
' '
16:41:08 **** Incremental Build of configuration Debug for project proyecto ****
cs-make all 
'Invoking: ARM Sourcery Windows GNU Print Size'
arm-none-eabi-size  --format=berkeley proyecto.elf
   text	   data	    bss	    dec	    hex	filename
  35964	  38424	   2142	  76530	  12af2	proyecto.elf
'Finished building: proyecto.siz'
' '
16:42:58 **** Incremental Build of configuration Debug for project BSP ****
cs-make all 
cs-make: Nothing to be done for `all'.
16:42:59 **** Incremental Build of configuration Debug for project proyecto ****
cs-make all 
'Invoking: ARM Sourcery Windows GNU Print Size'
arm-none-eabi-size  --format=berkeley proyecto.elf
   text	   data	    bss	    dec	    hex	filename
  35964	  38424	   2142	  76530	  12af2	proyecto.elf
'Finished building: proyecto.siz'
' '
16:43:51 **** Incremental Build of configuration Debug for project proyecto ****
cs-make all 
'Invoking: ARM Sourcery Windows GNU Print Size'
arm-none-eabi-size  --format=berkeley proyecto.elf
   text	   data	    bss	    dec	    hex	filename
  35964	  38424	   2142	  76530	  12af2	proyecto.elf
'Finished building: proyecto.siz'
' '
16:44:04 **** Incremental Build of configuration Debug for project BSP ****
cs-make all 
cs-make: Nothing to be done for `all'.
16:44:04 **** Incremental Build of configuration Debug for project proyecto ****
cs-make all 
'Invoking: ARM Sourcery Windows GNU Print Size'
arm-none-eabi-size  --format=berkeley proyecto.elf
   text	   data	    bss	    dec	    hex	filename
  35964	  38424	   2142	  76530	  12af2	proyecto.elf
'Finished building: proyecto.siz'
' '
16:46:19 **** Incremental Build of configuration Debug for project proyecto ****
cs-make all 
'Invoking: ARM Sourcery Windows GNU Print Size'
arm-none-eabi-size  --format=berkeley proyecto.elf
   text	   data	    bss	    dec	    hex	filename
  35964	  38424	   2142	  76530	  12af2	proyecto.elf
'Finished building: proyecto.siz'
' '
16:46:49 **** Incremental Build of configuration Debug for project proyecto ****
cs-make all 
'Invoking: ARM Sourcery Windows GNU Print Size'
arm-none-eabi-size  --format=berkeley proyecto.elf
   text	   data	    bss	    dec	    hex	filename
  35964	  38424	   2142	  76530	  12af2	proyecto.elf
'Finished building: proyecto.siz'
' '
16:47:55 **** Incremental Build of configuration Debug for project proyecto ****
cs-make all 
'Invoking: ARM Sourcery Windows GNU Print Size'
arm-none-eabi-size  --format=berkeley proyecto.elf
   text	   data	    bss	    dec	    hex	filename
  35964	  38424	   2142	  76530	  12af2	proyecto.elf
'Finished building: proyecto.siz'
' '
16:48:18 **** Incremental Build of configuration Debug for project proyecto ****
cs-make all 
'Invoking: ARM Sourcery Windows GNU Print Size'
arm-none-eabi-size  --format=berkeley proyecto.elf
   text	   data	    bss	    dec	    hex	filename
  35964	  38424	   2142	  76530	  12af2	proyecto.elf
'Finished building: proyecto.siz'
' '
16:50:31 **** Incremental Build of configuration Debug for project proyecto ****
cs-make all 
'Building file: ../proyecto.c'
'Invoking: ARM Sourcery Windows GCC C Compiler'
arm-none-eabi-gcc -I../../BSP/include -O0 -Wall -Wa,-adhlns="proyecto.o.lst" -c -fmessage-length=0 -mapcs-frame -MMD -MP -MF"proyecto.d" -MT"proyecto.d" -mcpu=arm7tdmi -g3 -gdwarf-2 -o "proyecto.o" "../proyecto.c"
../proyecto.c:170:6: warning: return type of 'main' is not 'int'
'Finished building: ../proyecto.c'
' '
'Building target: proyecto.elf'
'Invoking: ARM Sourcery Windows GCC C Linker'
arm-none-eabi-gcc -T"../proyecto.ld" -nostartfiles -L../../BSP/Debug -Wl,-Map,proyecto.map -mcpu=arm7tdmi -g3 -gdwarf-2 -o "proyecto.elf"  ./proyecto.o   -lBSP
'Finished building target: proyecto.elf'
' '
'Invoking: ARM Sourcery Windows GNU Create Flash Image'
arm-none-eabi-objcopy -O binary proyecto.elf  "proyecto.hex"
'Finished building: proyecto.hex'
' '
'Invoking: ARM Sourcery Windows GNU Create Listing'
arm-none-eabi-objdump -h -S proyecto.elf > "proyecto.lst"
'Finished building: proyecto.lst'
' '
'Invoking: ARM Sourcery Windows GNU Print Size'
arm-none-eabi-size  --format=berkeley proyecto.elf
   text	   data	    bss	    dec	    hex	filename
  35884	  38424	   2142	  76450	  12aa2	proyecto.elf
'Finished building: proyecto.siz'
' '
17:00:26 **** Incremental Build of configuration Debug for project proyecto ****
cs-make all 
'Building file: ../proyecto.c'
'Invoking: ARM Sourcery Windows GCC C Compiler'
arm-none-eabi-gcc -I../../BSP/include -O0 -Wall -Wa,-adhlns="proyecto.o.lst" -c -fmessage-length=0 -mapcs-frame -MMD -MP -MF"proyecto.d" -MT"proyecto.d" -mcpu=arm7tdmi -g3 -gdwarf-2 -o "proyecto.o" "../proyecto.c"
../proyecto.c:170:6: warning: return type of 'main' is not 'int'
'Finished building: ../proyecto.c'
' '
'Building target: proyecto.elf'
'Invoking: ARM Sourcery Windows GCC C Linker'
arm-none-eabi-gcc -T"../proyecto.ld" -nostartfiles -L../../BSP/Debug -Wl,-Map,proyecto.map -mcpu=arm7tdmi -g3 -gdwarf-2 -o "proyecto.elf"  ./proyecto.o   -lBSP
'Finished building target: proyecto.elf'
' '
'Invoking: ARM Sourcery Windows GNU Create Flash Image'
arm-none-eabi-objcopy -O binary proyecto.elf  "proyecto.hex"
'Finished building: proyecto.hex'
' '
'Invoking: ARM Sourcery Windows GNU Create Listing'
arm-none-eabi-objdump -h -S proyecto.elf > "proyecto.lst"
'Finished building: proyecto.lst'
' '
'Invoking: ARM Sourcery Windows GNU Print Size'
arm-none-eabi-size  --format=berkeley proyecto.elf
   text	   data	    bss	    dec	    hex	filename
  35924	  38424	   2142	  76490	  12aca	proyecto.elf
'Finished building: proyecto.siz'
' '
17:05:44 **** Incremental Build of configuration Debug for project proyecto ****
cs-make all 
'Building file: ../proyecto.c'
'Invoking: ARM Sourcery Windows GCC C Compiler'
arm-none-eabi-gcc -I../../BSP/include -O0 -Wall -Wa,-adhlns="proyecto.o.lst" -c -fmessage-length=0 -mapcs-frame -MMD -MP -MF"proyecto.d" -MT"proyecto.d" -mcpu=arm7tdmi -g3 -gdwarf-2 -o "proyecto.o" "../proyecto.c"
../proyecto.c:170:6: warning: return type of 'main' is not 'int'
'Finished building: ../proyecto.c'
' '
'Building target: proyecto.elf'
'Invoking: ARM Sourcery Windows GCC C Linker'
arm-none-eabi-gcc -T"../proyecto.ld" -nostartfiles -L../../BSP/Debug -Wl,-Map,proyecto.map -mcpu=arm7tdmi -g3 -gdwarf-2 -o "proyecto.elf"  ./proyecto.o   -lBSP
'Finished building target: proyecto.elf'
' '
'Invoking: ARM Sourcery Windows GNU Create Flash Image'
arm-none-eabi-objcopy -O binary proyecto.elf  "proyecto.hex"
'Finished building: proyecto.hex'
' '
'Invoking: ARM Sourcery Windows GNU Create Listing'
arm-none-eabi-objdump -h -S proyecto.elf > "proyecto.lst"
'Finished building: proyecto.lst'
' '
'Invoking: ARM Sourcery Windows GNU Print Size'
arm-none-eabi-size  --format=berkeley proyecto.elf
   text	   data	    bss	    dec	    hex	filename
  35928	  38424	   2142	  76494	  12ace	proyecto.elf
'Finished building: proyecto.siz'
' '
17:07:37 **** Incremental Build of configuration Debug for project proyecto ****
cs-make all 
'Building file: ../proyecto.c'
'Invoking: ARM Sourcery Windows GCC C Compiler'
arm-none-eabi-gcc -I../../BSP/include -O0 -Wall -Wa,-adhlns="proyecto.o.lst" -c -fmessage-length=0 -mapcs-frame -MMD -MP -MF"proyecto.d" -MT"proyecto.d" -mcpu=arm7tdmi -g3 -gdwarf-2 -o "proyecto.o" "../proyecto.c"
../proyecto.c:170:6: warning: return type of 'main' is not 'int'
'Finished building: ../proyecto.c'
' '
'Building target: proyecto.elf'
'Invoking: ARM Sourcery Windows GCC C Linker'
arm-none-eabi-gcc -T"../proyecto.ld" -nostartfiles -L../../BSP/Debug -Wl,-Map,proyecto.map -mcpu=arm7tdmi -g3 -gdwarf-2 -o "proyecto.elf"  ./proyecto.o   -lBSP
'Finished building target: proyecto.elf'
' '
'Invoking: ARM Sourcery Windows GNU Create Flash Image'
arm-none-eabi-objcopy -O binary proyecto.elf  "proyecto.hex"
'Finished building: proyecto.hex'
' '
'Invoking: ARM Sourcery Windows GNU Create Listing'
arm-none-eabi-objdump -h -S proyecto.elf > "proyecto.lst"
'Finished building: proyecto.lst'
' '
'Invoking: ARM Sourcery Windows GNU Print Size'
arm-none-eabi-size  --format=berkeley proyecto.elf
   text	   data	    bss	    dec	    hex	filename
  35932	  38424	   2142	  76498	  12ad2	proyecto.elf
'Finished building: proyecto.siz'
' '
17:09:03 **** Incremental Build of configuration Debug for project proyecto ****
cs-make all 
'Building file: ../proyecto.c'
'Invoking: ARM Sourcery Windows GCC C Compiler'
arm-none-eabi-gcc -I../../BSP/include -O0 -Wall -Wa,-adhlns="proyecto.o.lst" -c -fmessage-length=0 -mapcs-frame -MMD -MP -MF"proyecto.d" -MT"proyecto.d" -mcpu=arm7tdmi -g3 -gdwarf-2 -o "proyecto.o" "../proyecto.c"
../proyecto.c:170:6: warning: return type of 'main' is not 'int'
'Finished building: ../proyecto.c'
' '
'Building target: proyecto.elf'
'Invoking: ARM Sourcery Windows GCC C Linker'
arm-none-eabi-gcc -T"../proyecto.ld" -nostartfiles -L../../BSP/Debug -Wl,-Map,proyecto.map -mcpu=arm7tdmi -g3 -gdwarf-2 -o "proyecto.elf"  ./proyecto.o   -lBSP
'Finished building target: proyecto.elf'
' '
'Invoking: ARM Sourcery Windows GNU Create Flash Image'
arm-none-eabi-objcopy -O binary proyecto.elf  "proyecto.hex"
'Finished building: proyecto.hex'
' '
'Invoking: ARM Sourcery Windows GNU Create Listing'
arm-none-eabi-objdump -h -S proyecto.elf > "proyecto.lst"
'Finished building: proyecto.lst'
' '
'Invoking: ARM Sourcery Windows GNU Print Size'
arm-none-eabi-size  --format=berkeley proyecto.elf
   text	   data	    bss	    dec	    hex	filename
  35932	  38424	   2142	  76498	  12ad2	proyecto.elf
'Finished building: proyecto.siz'
' '
17:13:32 **** Incremental Build of configuration Debug for project proyecto ****
cs-make all 
'Building file: ../proyecto.c'
[...]
'Finished building: proyecto.lst'
' '
'Invoking: ARM Sourcery Windows GNU Print Size'
arm-none-eabi-size  --format=berkeley proyecto.elf
   text	   data	    bss	    dec	    hex	filename
  35976	  38424	   2144	  76544	  12b00	proyecto.elf
'Finished building: proyecto.siz'
' '
19:19:29 **** Incremental Build of configuration Debug for project proyecto ****
cs-make all 
'Invoking: ARM Sourcery Windows GNU Print Size'
arm-none-eabi-size  --format=berkeley proyecto.elf
   text	   data	    bss	    dec	    hex	filename
  35976	  38424	   2144	  76544	  12b00	proyecto.elf
'Finished building: proyecto.siz'
' '
19:23:04 **** Incremental Build of configuration Debug for project proyecto ****
cs-make all 
'Building file: ../proyecto.c'
'Invoking: ARM Sourcery Windows GCC C Compiler'
arm-none-eabi-gcc -I../../BSP/include -O0 -Wall -Wa,-adhlns="proyecto.o.lst" -c -fmessage-length=0 -mapcs-frame -MMD -MP -MF"proyecto.d" -MT"proyecto.d" -mcpu=arm7tdmi -g3 -gdwarf-2 -o "proyecto.o" "../proyecto.c"
../proyecto.c:173:6: warning: return type of 'main' is not 'int'
../proyecto.c: In function 'main':
../proyecto.c:191:5: error: expected ';' before 'lcd_puts'
cs-make: *** [proyecto.o] Error 1
19:23:13 **** Incremental Build of configuration Debug for project BSP ****
cs-make all 
cs-make: Nothing to be done for `all'.
19:23:14 **** Incremental Build of configuration Debug for project proyecto ****
cs-make all 
'Building file: ../proyecto.c'
'Invoking: ARM Sourcery Windows GCC C Compiler'
arm-none-eabi-gcc -I../../BSP/include -O0 -Wall -Wa,-adhlns="proyecto.o.lst" -c -fmessage-length=0 -mapcs-frame -MMD -MP -MF"proyecto.d" -MT"proyecto.d" -mcpu=arm7tdmi -g3 -gdwarf-2 -o "proyecto.o" "../proyecto.c"
../proyecto.c:173:6: warning: return type of 'main' is not 'int'
../proyecto.c: In function 'main':
../proyecto.c:191:5: error: expected ';' before 'lcd_puts'
cs-make: *** [proyecto.o] Error 1
19:23:19 **** Incremental Build of configuration Debug for project proyecto ****
cs-make all 
'Building file: ../proyecto.c'
'Invoking: ARM Sourcery Windows GCC C Compiler'
arm-none-eabi-gcc -I../../BSP/include -O0 -Wall -Wa,-adhlns="proyecto.o.lst" -c -fmessage-length=0 -mapcs-frame -MMD -MP -MF"proyecto.d" -MT"proyecto.d" -mcpu=arm7tdmi -g3 -gdwarf-2 -o "proyecto.o" "../proyecto.c"
../proyecto.c:173:6: warning: return type of 'main' is not 'int'
'Finished building: ../proyecto.c'
' '
'Building target: proyecto.elf'
'Invoking: ARM Sourcery Windows GCC C Linker'
arm-none-eabi-gcc -T"../proyecto.ld" -nostartfiles -L../../BSP/Debug -Wl,-Map,proyecto.map -mcpu=arm7tdmi -g3 -gdwarf-2 -o "proyecto.elf"  ./proyecto.o   -lBSP
'Finished building target: proyecto.elf'
' '
'Invoking: ARM Sourcery Windows GNU Create Flash Image'
arm-none-eabi-objcopy -O binary proyecto.elf  "proyecto.hex"
'Finished building: proyecto.hex'
' '
'Invoking: ARM Sourcery Windows GNU Create Listing'
arm-none-eabi-objdump -h -S proyecto.elf > "proyecto.lst"
'Finished building: proyecto.lst'
' '
'Invoking: ARM Sourcery Windows GNU Print Size'
arm-none-eabi-size  --format=berkeley proyecto.elf
   text	   data	    bss	    dec	    hex	filename
  36124	  38424	   2144	  76692	  12b94	proyecto.elf
'Finished building: proyecto.siz'
' '
19:24:57 **** Incremental Build of configuration Debug for project proyecto ****
cs-make all 
'Building file: ../proyecto.c'
'Invoking: ARM Sourcery Windows GCC C Compiler'
arm-none-eabi-gcc -I../../BSP/include -O0 -Wall -Wa,-adhlns="proyecto.o.lst" -c -fmessage-length=0 -mapcs-frame -MMD -MP -MF"proyecto.d" -MT"proyecto.d" -mcpu=arm7tdmi -g3 -gdwarf-2 -o "proyecto.o" "../proyecto.c"
../proyecto.c:173:6: warning: return type of 'main' is not 'int'
'Finished building: ../proyecto.c'
' '
'Building target: proyecto.elf'
'Invoking: ARM Sourcery Windows GCC C Linker'
arm-none-eabi-gcc -T"../proyecto.ld" -nostartfiles -L../../BSP/Debug -Wl,-Map,proyecto.map -mcpu=arm7tdmi -g3 -gdwarf-2 -o "proyecto.elf"  ./proyecto.o   -lBSP
'Finished building target: proyecto.elf'
' '
'Invoking: ARM Sourcery Windows GNU Create Flash Image'
arm-none-eabi-objcopy -O binary proyecto.elf  "proyecto.hex"
'Finished building: proyecto.hex'
' '
'Invoking: ARM Sourcery Windows GNU Create Listing'
arm-none-eabi-objdump -h -S proyecto.elf > "proyecto.lst"
'Finished building: proyecto.lst'
' '
'Invoking: ARM Sourcery Windows GNU Print Size'
arm-none-eabi-size  --format=berkeley proyecto.elf
   text	   data	    bss	    dec	    hex	filename
  36128	  38424	   2144	  76696	  12b98	proyecto.elf
'Finished building: proyecto.siz'
' '
19:26:14 **** Incremental Build of configuration Debug for project proyecto ****
cs-make all 
'Building file: ../proyecto.c'
'Invoking: ARM Sourcery Windows GCC C Compiler'
arm-none-eabi-gcc -I../../BSP/include -O0 -Wall -Wa,-adhlns="proyecto.o.lst" -c -fmessage-length=0 -mapcs-frame -MMD -MP -MF"proyecto.d" -MT"proyecto.d" -mcpu=arm7tdmi -g3 -gdwarf-2 -o "proyecto.o" "../proyecto.c"
../proyecto.c:173:6: warning: return type of 'main' is not 'int'
'Finished building: ../proyecto.c'
' '
'Building target: proyecto.elf'
'Invoking: ARM Sourcery Windows GCC C Linker'
arm-none-eabi-gcc -T"../proyecto.ld" -nostartfiles -L../../BSP/Debug -Wl,-Map,proyecto.map -mcpu=arm7tdmi -g3 -gdwarf-2 -o "proyecto.elf"  ./proyecto.o   -lBSP
'Finished building target: proyecto.elf'
' '
'Invoking: ARM Sourcery Windows GNU Create Flash Image'
arm-none-eabi-objcopy -O binary proyecto.elf  "proyecto.hex"
'Finished building: proyecto.hex'
' '
'Invoking: ARM Sourcery Windows GNU Create Listing'
arm-none-eabi-objdump -h -S proyecto.elf > "proyecto.lst"
'Finished building: proyecto.lst'
' '
'Invoking: ARM Sourcery Windows GNU Print Size'
arm-none-eabi-size  --format=berkeley proyecto.elf
   text	   data	    bss	    dec	    hex	filename
  36128	  38424	   2144	  76696	  12b98	proyecto.elf
'Finished building: proyecto.siz'
' '
19:28:27 **** Incremental Build of configuration Debug for project proyecto ****
cs-make all 
'Invoking: ARM Sourcery Windows GNU Print Size'
arm-none-eabi-size  --format=berkeley proyecto.elf
   text	   data	    bss	    dec	    hex	filename
  36128	  38424	   2144	  76696	  12b98	proyecto.elf
'Finished building: proyecto.siz'
' '
19:35:37 **** Incremental Build of configuration Debug for project proyecto ****
cs-make all 
'Building file: ../proyecto.c'
'Invoking: ARM Sourcery Windows GCC C Compiler'
arm-none-eabi-gcc -I../../BSP/include -O0 -Wall -Wa,-adhlns="proyecto.o.lst" -c -fmessage-length=0 -mapcs-frame -MMD -MP -MF"proyecto.d" -MT"proyecto.d" -mcpu=arm7tdmi -g3 -gdwarf-2 -o "proyecto.o" "../proyecto.c"
../proyecto.c:173:6: warning: return type of 'main' is not 'int'
'Finished building: ../proyecto.c'
' '
'Building target: proyecto.elf'
'Invoking: ARM Sourcery Windows GCC C Linker'
arm-none-eabi-gcc -T"../proyecto.ld" -nostartfiles -L../../BSP/Debug -Wl,-Map,proyecto.map -mcpu=arm7tdmi -g3 -gdwarf-2 -o "proyecto.elf"  ./proyecto.o   -lBSP
'Finished building target: proyecto.elf'
' '
'Invoking: ARM Sourcery Windows GNU Create Flash Image'
arm-none-eabi-objcopy -O binary proyecto.elf  "proyecto.hex"
'Finished building: proyecto.hex'
' '
'Invoking: ARM Sourcery Windows GNU Create Listing'
arm-none-eabi-objdump -h -S proyecto.elf > "proyecto.lst"
'Finished building: proyecto.lst'
' '
'Invoking: ARM Sourcery Windows GNU Print Size'
arm-none-eabi-size  --format=berkeley proyecto.elf
   text	   data	    bss	    dec	    hex	filename
  36128	  38424	   2144	  76696	  12b98	proyecto.elf
'Finished building: proyecto.siz'
' '
19:35:58 **** Incremental Build of configuration Debug for project proyecto ****
cs-make all 
'Invoking: ARM Sourcery Windows GNU Print Size'
arm-none-eabi-size  --format=berkeley proyecto.elf
   text	   data	    bss	    dec	    hex	filename
  36128	  38424	   2144	  76696	  12b98	proyecto.elf
'Finished building: proyecto.siz'
' '
19:49:52 **** Incremental Build of configuration Debug for project proyecto ****
cs-make all 
'Invoking: ARM Sourcery Windows GNU Print Size'
arm-none-eabi-size  --format=berkeley proyecto.elf
   text	   data	    bss	    dec	    hex	filename
  36128	  38424	   2144	  76696	  12b98	proyecto.elf
'Finished building: proyecto.siz'
' '
19:50:08 **** Incremental Build of configuration Debug for project proyecto ****
cs-make all 
'Invoking: ARM Sourcery Windows GNU Print Size'
arm-none-eabi-size  --format=berkeley proyecto.elf
   text	   data	    bss	    dec	    hex	filename
  36128	  38424	   2144	  76696	  12b98	proyecto.elf
'Finished building: proyecto.siz'
' '
19:50:32 **** Incremental Build of configuration Debug for project proyecto ****
cs-make all 
'Invoking: ARM Sourcery Windows GNU Print Size'
arm-none-eabi-size  --format=berkeley proyecto.elf
   text	   data	    bss	    dec	    hex	filename
  36128	  38424	   2144	  76696	  12b98	proyecto.elf
'Finished building: proyecto.siz'
' '
19:50:53 **** Incremental Build of configuration Debug for project proyecto ****
cs-make all 
'Invoking: ARM Sourcery Windows GNU Print Size'
arm-none-eabi-size  --format=berkeley proyecto.elf
   text	   data	    bss	    dec	    hex	filename
  36128	  38424	   2144	  76696	  12b98	proyecto.elf
'Finished building: proyecto.siz'
' '
19:52:57 **** Incremental Build of configuration Debug for project proyecto ****
cs-make all 
'Building file: ../proyecto.c'
'Invoking: ARM Sourcery Windows GCC C Compiler'
arm-none-eabi-gcc -I../../BSP/include -O0 -Wall -Wa,-adhlns="proyecto.o.lst" -c -fmessage-length=0 -mapcs-frame -MMD -MP -MF"proyecto.d" -MT"proyecto.d" -mcpu=arm7tdmi -g3 -gdwarf-2 -o "proyecto.o" "../proyecto.c"
../proyecto.c:173:6: warning: return type of 'main' is not 'int'
'Finished building: ../proyecto.c'
' '
'Building target: proyecto.elf'
'Invoking: ARM Sourcery Windows GCC C Linker'
arm-none-eabi-gcc -T"../proyecto.ld" -nostartfiles -L../../BSP/Debug -Wl,-Map,proyecto.map -mcpu=arm7tdmi -g3 -gdwarf-2 -o "proyecto.elf"  ./proyecto.o   -lBSP
'Finished building target: proyecto.elf'
' '
'Invoking: ARM Sourcery Windows GNU Create Flash Image'
arm-none-eabi-objcopy -O binary proyecto.elf  "proyecto.hex"
'Finished building: proyecto.hex'
' '
'Invoking: ARM Sourcery Windows GNU Create Listing'
arm-none-eabi-objdump -h -S proyecto.elf > "proyecto.lst"
'Finished building: proyecto.lst'
' '
'Invoking: ARM Sourcery Windows GNU Print Size'
arm-none-eabi-size  --format=berkeley proyecto.elf
   text	   data	    bss	    dec	    hex	filename
  36128	  38424	   2144	  76696	  12b98	proyecto.elf
'Finished building: proyecto.siz'
' '
19:53:58 **** Incremental Build of configuration Debug for project proyecto ****
cs-make all 
'Invoking: ARM Sourcery Windows GNU Print Size'
arm-none-eabi-size  --format=berkeley proyecto.elf
   text	   data	    bss	    dec	    hex	filename
  36128	  38424	   2144	  76696	  12b98	proyecto.elf
'Finished building: proyecto.siz'
' '
19:55:01 **** Incremental Build of configuration Debug for project proyecto ****
cs-make all 
'Building file: ../proyecto.c'
'Invoking: ARM Sourcery Windows GCC C Compiler'
arm-none-eabi-gcc -I../../BSP/include -O0 -Wall -Wa,-adhlns="proyecto.o.lst" -c -fmessage-length=0 -mapcs-frame -MMD -MP -MF"proyecto.d" -MT"proyecto.d" -mcpu=arm7tdmi -g3 -gdwarf-2 -o "proyecto.o" "../proyecto.c"
../proyecto.c:173:6: warning: return type of 'main' is not 'int'
'Finished building: ../proyecto.c'
' '
'Building target: proyecto.elf'
'Invoking: ARM Sourcery Windows GCC C Linker'
arm-none-eabi-gcc -T"../proyecto.ld" -nostartfiles -L../../BSP/Debug -Wl,-Map,proyecto.map -mcpu=arm7tdmi -g3 -gdwarf-2 -o "proyecto.elf"  ./proyecto.o   -lBSP
'Finished building target: proyecto.elf'
' '
'Invoking: ARM Sourcery Windows GNU Create Flash Image'
arm-none-eabi-objcopy -O binary proyecto.elf  "proyecto.hex"
'Finished building: proyecto.hex'
' '
'Invoking: ARM Sourcery Windows GNU Create Listing'
arm-none-eabi-objdump -h -S proyecto.elf > "proyecto.lst"
'Finished building: proyecto.lst'
' '
'Invoking: ARM Sourcery Windows GNU Print Size'
arm-none-eabi-size  --format=berkeley proyecto.elf
   text	   data	    bss	    dec	    hex	filename
  36128	  38424	   2144	  76696	  12b98	proyecto.elf
'Finished building: proyecto.siz'
' '
17:02:08 **** Build of configuration Debug for project proyecto ****
cs-make all 
'Building file: ../proyecto.c'
'Invoking: ARM Sourcery Windows GCC C Compiler'
arm-none-eabi-gcc -I../../BSP/include -O0 -Wall -Wa,-adhlns="proyecto.o.lst" -c -fmessage-length=0 -mapcs-frame -MMD -MP -MF"proyecto.d" -MT"proyecto.d" -mcpu=arm7tdmi -g3 -gdwarf-2 -o "proyecto.o" "../proyecto.c"
../proyecto.c:173:6: warning: return type of 'main' is not 'int'
'Finished building: ../proyecto.c'
' '
'Building target: proyecto.elf'
'Invoking: ARM Sourcery Windows GCC C Linker'
arm-none-eabi-gcc -T"../proyecto.ld" -nostartfiles -L../../BSP/Debug -Wl,-Map,proyecto.map -mcpu=arm7tdmi -g3 -gdwarf-2 -o "proyecto.elf"  ./proyecto.o   -lBSP
'Finished building target: proyecto.elf'
' '
'Invoking: ARM Sourcery Windows GNU Create Flash Image'
arm-none-eabi-objcopy -O binary proyecto.elf  "proyecto.hex"
'Finished building: proyecto.hex'
' '
'Invoking: ARM Sourcery Windows GNU Create Listing'
arm-none-eabi-objdump -h -S proyecto.elf > "proyecto.lst"
'Finished building: proyecto.lst'
' '
'Invoking: ARM Sourcery Windows GNU Print Size'
arm-none-eabi-size  --format=berkeley proyecto.elf
   text	   data	    bss	    dec	    hex	filename
  36128	  38424	   2144	  76696	  12b98	proyecto.elf
'Finished building: proyecto.siz'
' '
17:05:09 **** Incremental Build of configuration Debug for project proyecto ****
cs-make all 
'Invoking: ARM Sourcery Windows GNU Print Size'
arm-none-eabi-size  --format=berkeley proyecto.elf
   text	   data	    bss	    dec	    hex	filename
  36128	  38424	   2144	  76696	  12b98	proyecto.elf
'Finished building: proyecto.siz'
' '
17:07:00 **** Incremental Build of configuration Debug for project proyecto ****
cs-make all 
'Invoking: ARM Sourcery Windows GNU Print Size'
arm-none-eabi-size  --format=berkeley proyecto.elf
   text	   data	    bss	    dec	    hex	filename
  36128	  38424	   2144	  76696	  12b98	proyecto.elf
'Finished building: proyecto.siz'
' '
17:13:09 **** Incremental Build of configuration Debug for project proyecto ****
cs-make all 
'Invoking: ARM Sourcery Windows GNU Print Size'
arm-none-eabi-size  --format=berkeley proyecto.elf
   text	   data	    bss	    dec	    hex	filename
  36128	  38424	   2144	  76696	  12b98	proyecto.elf
'Finished building: proyecto.siz'
' '
17:13:29 **** Incremental Build of configuration Debug for project proyecto ****
cs-make all 
'Invoking: ARM Sourcery Windows GNU Print Size'
arm-none-eabi-size  --format=berkeley proyecto.elf
   text	   data	    bss	    dec	    hex	filename
  36128	  38424	   2144	  76696	  12b98	proyecto.elf
'Finished building: proyecto.siz'
' '
17:14:08 **** Incremental Build of configuration Debug for project proyecto ****
cs-make all 
'Invoking: ARM Sourcery Windows GNU Print Size'
arm-none-eabi-size  --format=berkeley proyecto.elf
   text	   data	    bss	    dec	    hex	filename
  36128	  38424	   2144	  76696	  12b98	proyecto.elf
'Finished building: proyecto.siz'
' '
17:14:33 **** Incremental Build of configuration Debug for project proyecto ****
cs-make all 
'Invoking: ARM Sourcery Windows GNU Print Size'
arm-none-eabi-size  --format=berkeley proyecto.elf
   text	   data	    bss	    dec	    hex	filename
  36128	  38424	   2144	  76696	  12b98	proyecto.elf
'Finished building: proyecto.siz'
' '
17:17:46 **** Incremental Build of configuration Debug for project proyecto ****
cs-make all 
'Invoking: ARM Sourcery Windows GNU Print Size'
arm-none-eabi-size  --format=berkeley proyecto.elf
   text	   data	    bss	    dec	    hex	filename
  36128	  38424	   2144	  76696	  12b98	proyecto.elf
'Finished building: proyecto.siz'
' '
17:24:28 **** Incremental Build of configuration Debug for project proyecto ****
cs-make all 
'Invoking: ARM Sourcery Windows GNU Print Size'
arm-none-eabi-size  --format=berkeley proyecto.elf
   text	   data	    bss	    dec	    hex	filename
  36128	  38424	   2144	  76696	  12b98	proyecto.elf
'Finished building: proyecto.siz'
' '
17:28:24 **** Incremental Build of configuration Debug for project proyecto ****
cs-make all 
'Building file: ../proyecto.c'
'Invoking: ARM Sourcery Windows GCC C Compiler'
arm-none-eabi-gcc -I../../BSP/include -O0 -Wall -Wa,-adhlns="proyecto.o.lst" -c -fmessage-length=0 -mapcs-frame -MMD -MP -MF"proyecto.d" -MT"proyecto.d" -mcpu=arm7tdmi -g3 -gdwarf-2 -o "proyecto.o" "../proyecto.c"
../proyecto.c:173:6: warning: return type of 'main' is not 'int'
../proyecto.c: In function 'count_inc':
../proyecto.c:442:12: error: expected ';' before ':' token
cs-make: *** [proyecto.o] Error 1
17:28:39 **** Incremental Build of configuration Debug for project proyecto ****
cs-make all 
'Building file: ../proyecto.c'
'Invoking: ARM Sourcery Windows GCC C Compiler'
arm-none-eabi-gcc -I../../BSP/include -O0 -Wall -Wa,-adhlns="proyecto.o.lst" -c -fmessage-length=0 -mapcs-frame -MMD -MP -MF"proyecto.d" -MT"proyecto.d" -mcpu=arm7tdmi -g3 -gdwarf-2 -o "proyecto.o" "../proyecto.c"
../proyecto.c:173:6: warning: return type of 'main' is not 'int'
'Finished building: ../proyecto.c'
' '
'Building target: proyecto.elf'
'Invoking: ARM Sourcery Windows GCC C Linker'
arm-none-eabi-gcc -T"../proyecto.ld" -nostartfiles -L../../BSP/Debug -Wl,-Map,proyecto.map -mcpu=arm7tdmi -g3 -gdwarf-2 -o "proyecto.elf"  ./proyecto.o   -lBSP
'Finished building target: proyecto.elf'
' '
'Invoking: ARM Sourcery Windows GNU Create Flash Image'
arm-none-eabi-objcopy -O binary proyecto.elf  "proyecto.hex"
'Finished building: proyecto.hex'
' '
'Invoking: ARM Sourcery Windows GNU Create Listing'
arm-none-eabi-objdump -h -S proyecto.elf > "proyecto.lst"
'Finished building: proyecto.lst'
' '
'Invoking: ARM Sourcery Windows GNU Print Size'
arm-none-eabi-size  --format=berkeley proyecto.elf
   text	   data	    bss	    dec	    hex	filename
  36156	  38424	   2144	  76724	  12bb4	proyecto.elf
'Finished building: proyecto.siz'
' '
18:06:04 **** Incremental Build of configuration Debug for project proyecto ****
cs-make all 
'Building file: ../proyecto.c'
'Invoking: ARM Sourcery Windows GCC C Compiler'
arm-none-eabi-gcc -I../../BSP/include -O0 -Wall -Wa,-adhlns="proyecto.o.lst" -c -fmessage-length=0 -mapcs-frame -MMD -MP -MF"proyecto.d" -MT"proyecto.d" -mcpu=arm7tdmi -g3 -gdwarf-2 -o "proyecto.o" "../proyecto.c"
../proyecto.c:173:6: warning: return type of 'main' is not 'int'
'Finished building: ../proyecto.c'
' '
'Building target: proyecto.elf'
'Invoking: ARM Sourcery Windows GCC C Linker'
arm-none-eabi-gcc -T"../proyecto.ld" -nostartfiles -L../../BSP/Debug -Wl,-Map,proyecto.map -mcpu=arm7tdmi -g3 -gdwarf-2 -o "proyecto.elf"  ./proyecto.o   -lBSP
'Finished building target: proyecto.elf'
' '
'Invoking: ARM Sourcery Windows GNU Create Flash Image'
arm-none-eabi-objcopy -O binary proyecto.elf  "proyecto.hex"
'Finished building: proyecto.hex'
' '
'Invoking: ARM Sourcery Windows GNU Create Listing'
arm-none-eabi-objdump -h -S proyecto.elf > "proyecto.lst"
'Finished building: proyecto.lst'
' '
'Invoking: ARM Sourcery Windows GNU Print Size'
arm-none-eabi-size  --format=berkeley proyecto.elf
   text	   data	    bss	    dec	    hex	filename
  36128	  38424	   2144	  76696	  12b98	proyecto.elf
'Finished building: proyecto.siz'
' '
18:06:24 **** Incremental Build of configuration Debug for project proyecto ****
cs-make all 
'Invoking: ARM Sourcery Windows GNU Print Size'
arm-none-eabi-size  --format=berkeley proyecto.elf
   text	   data	    bss	    dec	    hex	filename
  36128	  38424	   2144	  76696	  12b98	proyecto.elf
'Finished building: proyecto.siz'
' '
18:15:52 **** Incremental Build of configuration Debug for project proyecto ****
cs-make all 
'Invoking: ARM Sourcery Windows GNU Print Size'
arm-none-eabi-size  --format=berkeley proyecto.elf
   text	   data	    bss	    dec	    hex	filename
  36128	  38424	   2144	  76696	  12b98	proyecto.elf
'Finished building: proyecto.siz'
' '
